Archive member included to satisfy reference by file (symbol)

/Applications/STM32CubeIDE.app/Contents/Eclipse/plugins/com.st.stm32cube.ide.mcu.externaltools.gnu-tools-for-stm32.14.3.rel1.macos64_1.0.100.202602081740/tools/bin/../lib/gcc/arm-none-eabi/14.3.1/../../../../arm-none-eabi/lib/thumb/v7e-m+fp/hard/libc_nano.a(libc_a-exit.o)
                              /Applications/STM32CubeIDE.app/Contents/Eclipse/plugins/com.st.stm32cube.ide.mcu.externaltools.gnu-tools-for-stm32.14.3.rel1.macos64_1.0.100.202602081740/tools/bin/../lib/gcc/arm-none-eabi/14.3.1/../../../../arm-none-eabi/lib/thumb/v7e-m+fp/hard/crt0.o (exit)
/Applications/STM32CubeIDE.app/Contents/Eclipse/plugins/com.st.stm32cube.ide.mcu.externaltools.gnu-tools-for-stm32.14.3.rel1.macos64_1.0.100.202602081740/tools/bin/../lib/gcc/arm-none-eabi/14.3.1/../../../../arm-none-eabi/lib/thumb/v7e-m+fp/hard/libc_nano.a(libc_a-findfp.o)
                              /Applications/STM32CubeIDE.app/Contents/Eclipse/plugins/com.st.stm32cube.ide.mcu.externaltools.gnu-tools-for-stm32.14.3.rel1.macos64_1.0.100.202602081740/tools/bin/../lib/gcc/arm-none-eabi/14.3.1/../../../../arm-none-eabi/lib/thumb/v7e-m+fp/hard/libc_nano.a(libc_a-exit.o) (__stdio_exit_handler)
/Applications/STM32CubeIDE.app/Contents/Eclipse/plugins/com.st.stm32cube.ide.mcu.externaltools.gnu-tools-for-stm32.14.3.rel1.macos64_1.0.100.202602081740/tools/bin/../lib/gcc/arm-none-eabi/14.3.1/../../../../arm-none-eabi/lib/thumb/v7e-m+fp/hard/libc_nano.a(libc_a-fwalk.o)
                              /Applications/STM32CubeIDE.app/Contents/Eclipse/plugins/com.st.stm32cube.ide.mcu.externaltools.gnu-tools-for-stm32.14.3.rel1.macos64_1.0.100.202602081740/tools/bin/../lib/gcc/arm-none-eabi/14.3.1/../../../../arm-none-eabi/lib/thumb/v7e-m+fp/hard/libc_nano.a(libc_a-findfp.o) (_fwalk_sglue)
/Applications/STM32CubeIDE.app/Contents/Eclipse/plugins/com.st.stm32cube.ide.mcu.externaltools.gnu-tools-for-stm32.14.3.rel1.macos64_1.0.100.202602081740/tools/bin/../lib/gcc/arm-none-eabi/14.3.1/../../../../arm-none-eabi/lib/thumb/v7e-m+fp/hard/libc_nano.a(libc_a-memset.o)
                              /Applications/STM32CubeIDE.app/Contents/Eclipse/plugins/com.st.stm32cube.ide.mcu.externaltools.gnu-tools-for-stm32.14.3.rel1.macos64_1.0.100.202602081740/tools/bin/../lib/gcc/arm-none-eabi/14.3.1/../../../../arm-none-eabi/lib/thumb/v7e-m+fp/hard/crt0.o (memset)
/Applications/STM32CubeIDE.app/Contents/Eclipse/plugins/com.st.stm32cube.ide.mcu.externaltools.gnu-tools-for-stm32.14.3.rel1.macos64_1.0.100.202602081740/tools/bin/../lib/gcc/arm-none-eabi/14.3.1/../../../../arm-none-eabi/lib/thumb/v7e-m+fp/hard/libc_nano.a(libc_a-errno.o)
                              ./Src/syscalls.o (__errno)
/Applications/STM32CubeIDE.app/Contents/Eclipse/plugins/com.st.stm32cube.ide.mcu.externaltools.gnu-tools-for-stm32.14.3.rel1.macos64_1.0.100.202602081740/tools/bin/../lib/gcc/arm-none-eabi/14.3.1/../../../../arm-none-eabi/lib/thumb/v7e-m+fp/hard/libc_nano.a(libc_a-init.o)
                              /Applications/STM32CubeIDE.app/Contents/Eclipse/plugins/com.st.stm32cube.ide.mcu.externaltools.gnu-tools-for-stm32.14.3.rel1.macos64_1.0.100.202602081740/tools/bin/../lib/gcc/arm-none-eabi/14.3.1/../../../../arm-none-eabi/lib/thumb/v7e-m+fp/hard/crt0.o (__libc_init_array)
/Applications/STM32CubeIDE.app/Contents/Eclipse/plugins/com.st.stm32cube.ide.mcu.externaltools.gnu-tools-for-stm32.14.3.rel1.macos64_1.0.100.202602081740/tools/bin/../lib/gcc/arm-none-eabi/14.3.1/../../../../arm-none-eabi/lib/thumb/v7e-m+fp/hard/libc_nano.a(libc_a-lock.o)
                              /Applications/STM32CubeIDE.app/Contents/Eclipse/plugins/com.st.stm32cube.ide.mcu.externaltools.gnu-tools-for-stm32.14.3.rel1.macos64_1.0.100.202602081740/tools/bin/../lib/gcc/arm-none-eabi/14.3.1/../../../../arm-none-eabi/lib/thumb/v7e-m+fp/hard/libc_nano.a(libc_a-findfp.o) (__retarget_lock_init_recursive)
/Applications/STM32CubeIDE.app/Contents/Eclipse/plugins/com.st.stm32cube.ide.mcu.externaltools.gnu-tools-for-stm32.14.3.rel1.macos64_1.0.100.202602081740/tools/bin/../lib/gcc/arm-none-eabi/14.3.1/../../../../arm-none-eabi/lib/thumb/v7e-m+fp/hard/libc_nano.a(libc_a-impure.o)
                              /Applications/STM32CubeIDE.app/Contents/Eclipse/plugins/com.st.stm32cube.ide.mcu.externaltools.gnu-tools-for-stm32.14.3.rel1.macos64_1.0.100.202602081740/tools/bin/../lib/gcc/arm-none-eabi/14.3.1/../../../../arm-none-eabi/lib/thumb/v7e-m+fp/hard/libc_nano.a(libc_a-errno.o) (_impure_ptr)
/Applications/STM32CubeIDE.app/Contents/Eclipse/plugins/com.st.stm32cube.ide.mcu.externaltools.gnu-tools-for-stm32.14.3.rel1.macos64_1.0.100.202602081740/tools/bin/../lib/gcc/arm-none-eabi/14.3.1/../../../../arm-none-eabi/lib/thumb/v7e-m+fp/hard/libc_nano.a(libc_a-mallocr.o)
[...]
Memory Configuration

Name             Origin             Length             Attributes
CCMRAM           0x10000000         0x00002000         xrw
RAM              0x20000000         0x0000a000         xrw
FLASH            0x08000000         0x00040000         xr
*default*        0x00000000         0xffffffff

Linker script and memory map

LOAD /Applications/STM32CubeIDE.app/Contents/Eclipse/plugins/com.st.stm32cube.ide.mcu.externaltools.gnu-tools-for-stm32.14.3.rel1.macos64_1.0.100.202602081740/tools/bin/../lib/gcc/arm-none-eabi/14.3.1/thumb/v7e-m+fp/hard/crti.o
LOAD /Applications/STM32CubeIDE.app/Contents/Eclipse/plugins/com.st.stm32cube.ide.mcu.externaltools.gnu-tools-for-stm32.14.3.rel1.macos64_1.0.100.202602081740/tools/bin/../lib/gcc/arm-none-eabi/14.3.1/thumb/v7e-m+fp/hard/crtbegin.o
LOAD /Applications/STM32CubeIDE.app/Contents/Eclipse/plugins/com.st.stm32cube.ide.mcu.externaltools.gnu-tools-for-stm32.14.3.rel1.macos64_1.0.100.202602081740/tools/bin/../lib/gcc/arm-none-eabi/14.3.1/../../../../arm-none-eabi/lib/thumb/v7e-m+fp/hard/crt0.o
LOAD ./Src/I2C.o
LOAD ./Src/Module4.o
LOAD ./Src/joystick.o
LOAD ./Src/magnetometer.o
LOAD ./Src/main.o
LOAD ./Src/syscalls.o
LOAD ./Src/sysmem.o
LOAD ./Src/utils.o
LOAD ./Startup/startup_stm32f303vctx.o
START GROUP
LOAD /Applications/STM32CubeIDE.app/Contents/Eclipse/plugins/com.st.stm32cube.ide.mcu.externaltools.gnu-tools-for-stm32.14.3.rel1.macos64_1.0.100.202602081740/tools/bin/../lib/gcc/arm-none-eabi/14.3.1/../../../../arm-none-eabi/lib/thumb/v7e-m+fp/hard/libc_nano.a
LOAD /Applications/STM32CubeIDE.app/Contents/Eclipse/plugins/com.st.stm32cube.ide.mcu.externaltools.gnu-tools-for-stm32.14.3.rel1.macos64_1.0.100.202602081740/tools/bin/../lib/gcc/arm-none-eabi/14.3.1/../../../../arm-none-eabi/lib/thumb/v7e-m+fp/hard/libm.a
END GROUP
START GROUP
LOAD /Applications/STM32CubeIDE.app/Contents/Eclipse/plugins/com.st.stm32cube.ide.mcu.externaltools.gnu-tools-for-stm32.14.3.rel1.macos64_1.0.100.202602081740/tools/bin/../lib/gcc/arm-none-eabi/14.3.1/thumb/v7e-m+fp/hard/libgcc.a
LOAD /Applications/STM32CubeIDE.app/Contents/Eclipse/plugins/com.st.stm32cube.ide.mcu.externaltools.gnu-tools-for-stm32.14.3.rel1.macos64_1.0.100.202602081740/tools/bin/../lib/gcc/arm-none-eabi/14.3.1/../../../../arm-none-eabi/lib/thumb/v7e-m+fp/hard/libc_nano.a
END GROUP
START GROUP
LOAD /Applications/STM32CubeIDE.app/Contents/Eclipse/plugins/com.st.stm32cube.ide.mcu.externaltools.gnu-tools-for-stm32.14.3.rel1.macos64_1.0.100.202602081740/tools/bin/../lib/gcc/arm-none-eabi/14.3.1/thumb/v7e-m+fp/hard/libgcc.a
LOAD /Applications/STM32CubeIDE.app/Contents/Eclipse/plugins/com.st.stm32cube.ide.mcu.externaltools.gnu-tools-for-stm32.14.3.rel1.macos64_1.0.100.202602081740/tools/bin/../lib/gcc/arm-none-eabi/14.3.1/../../../../arm-none-eabi/lib/thumb/v7e-m+fp/hard/libc_nano.a
LOAD /Applications/STM32CubeIDE.app/Contents/Eclipse/plugins/com.st.stm32cube.ide.mcu.externaltools.gnu-tools-for-stm32.14.3.rel1.macos64_1.0.100.202602081740/tools/bin/../lib/gcc/arm-none-eabi/14.3.1/../../../../arm-none-eabi/lib/thumb/v7e-m+fp/hard/libnosys.a
END GROUP
START GROUP
LOAD /Applications/STM32CubeIDE.app/Contents/Eclipse/plugins/com.st.stm32cube.ide.mcu.externaltools.gnu-tools-for-stm32.14.3.rel1.macos64_1.0.100.202602081740/tools/bin/../lib/gcc/arm-none-eabi/14.3.1/thumb/v7e-m+fp/hard/libgcc.a
LOAD /Applications/STM32CubeIDE.app/Contents/Eclipse/plugins/com.st.stm32cube.ide.mcu.externaltools.gnu-tools-for-stm32.14.3.rel1.macos64_1.0.100.202602081740/tools/bin/../lib/gcc/arm-none-eabi/14.3.1/../../../../arm-none-eabi/lib/thumb/v7e-m+fp/hard/libc_nano.a
LOAD /Applications/STM32CubeIDE.app/Contents/Eclipse/plugins/com.st.stm32cube.ide.mcu.externaltools.gnu-tools-for-stm32.14.3.rel1.macos64_1.0.100.202602081740/tools/bin/../lib/gcc/arm-none-eabi/14.3.1/../../../../arm-none-eabi/lib/thumb/v7e-m+fp/hard/libnosys.a
END GROUP
LOAD /Applications/STM32CubeIDE.app/Contents/Eclipse/plugins/com.st.stm32cube.ide.mcu.externaltools.gnu-tools-for-stm32.14.3.rel1.macos64_1.0.100.202602081740/tools/bin/../lib/gcc/arm-none-eabi/14.3.1/thumb/v7e-m+fp/hard/crtend.o
LOAD /Applications/STM32CubeIDE.app/Contents/Eclipse/plugins/com.st.stm32cube.ide.mcu.externaltools.gnu-tools-for-stm32.14.3.rel1.macos64_1.0.100.202602081740/tools/bin/../lib/gcc/arm-none-eabi/14.3.1/thumb/v7e-m+fp/hard/crtn.o
                0x2000a000                        _estack = (ORIGIN (RAM) + LENGTH (RAM))
                0x00000200                        _Min_Heap_Size = 0x200
                0x00000400                        _Min_Stack_Size = 0x400

.isr_vector     0x08000000      0x194
                0x08000000                        . = ALIGN (0x4)
 *(.isr_vector)
 .isr_vector    0x08000000      0x194 ./Startup/startup_stm32f303vctx.o
                0x08000000                g_pfnVectors
                0x08000194                        . = ALIGN (0x4)

.text           0x08000198     0x1b74
                0x08000198                        . = ALIGN (0x4)
 *(.text)
 .text          0x08000198       0x40 /Applications/STM32CubeIDE.app/Contents/Eclipse/plugins/com.st.stm32cube.ide.mcu.externaltools.gnu-tools-for-stm32.14.3.rel1.macos64_1.0.100.202602081740/tools/bin/../lib/gcc/arm-none-eabi/14.3.1/thumb/v7e-m+fp/hard/crtbegin.o
 .text          0x080001d8      0x378 /Applications/STM32CubeIDE.app/Contents/Eclipse/plugins/com.st.stm32cube.ide.mcu.externaltools.gnu-tools-for-stm32.14.3.rel1.macos64_1.0.100.202602081740/tools/bin/../lib/gcc/arm-none-eabi/14.3.1/thumb/v7e-m+fp/hard/libgcc.a(_arm_addsubdf3.o)
                0x080001d8                __aeabi_drsub
                0x080001e0                __subdf3
                0x080001e0                __aeabi_dsub
                0x080001e4                __aeabi_dadd
                0x080001e4                __adddf3
                0x0800045c                __aeabi_ui2d
                0x0800045c                __floatunsidf
                0x0800047c                __floatsidf
                0x0800047c                __aeabi_i2d
                0x080004a0                __extendsfdf2
                0x080004a0                __aeabi_f2d
                0x080004e4                __aeabi_ul2d
                0x080004e4                __floatundidf
                0x080004f4                __aeabi_l2d
                0x080004f4                __floatdidf
 .text          0x08000550      0x424 /Applications/STM32CubeIDE.app/Contents/Eclipse/plugins/com.st.stm32cube.ide.mcu.externaltools.gnu-tools-for-stm32.14.3.rel1.macos64_1.0.100.202602081740/tools/bin/../lib/gcc/arm-none-eabi/14.3.1/thumb/v7e-m+fp/hard/libgcc.a(_arm_muldivdf3.o)
                0x08000550                __aeabi_dmul
                0x08000550                __muldf3
                0x080007a4                __aeabi_ddiv
                0x080007a4                __divdf3
 .text          0x08000974       0xa0 /Applications/STM32CubeIDE.app/Contents/Eclipse/plugins/com.st.stm32cube.ide.mcu.externaltools.gnu-tools-for-stm32.14.3.rel1.macos64_1.0.100.202602081740/tools/bin/../lib/gcc/arm-none-eabi/14.3.1/thumb/v7e-m+fp/hard/libgcc.a(_arm_truncdfsf2.o)
                0x08000974                __aeabi_d2f
                0x08000974                __truncdfsf2
 *(.text*)
 .text.__NVIC_EnableIRQ
                0x08000a14       0x3c ./Src/I2C.o
 .text.I2CInitialise
                0x08000a50       0x9c ./Src/I2C.o
                0x08000a50                I2CInitialise
 .text.I2CWrite
                0x08000aec       0x68 ./Src/I2C.o
                0x08000aec                I2CWrite
 .text.I2CRead  0x08000b54       0x70 ./Src/I2C.o
                0x08000b54                I2CRead
 .text.I2C1_EV_EXTI23_IRQHandler
                0x08000bc4      0x110 ./Src/I2C.o
                0x08000bc4                I2C1_EV_EXTI23_IRQHandler
 .text.I2CBusy  0x08000cd4       0x20 ./Src/I2C.o
                0x08000cd4                I2CBusy
 .text.__NVIC_EnableIRQ
                0x08000cf4       0x3c ./Src/Module4.o
 .text.__NVIC_ClearPendingIRQ
                0x08000d30       0x3c ./Src/Module4.o
 .text.initialise_board
                0x08000d6c       0xd4 ./Src/Module4.o
                0x08000d6c                initialise_board
 .text.turn_on_all_leds
                0x08000e40       0x48 ./Src/Module4.o
                0x08000e40                turn_on_all_leds
 .text.timer_init2
                0x08000e88       0x60 ./Src/Module4.o
                0x08000e88                timer_init2
 .text.timer_init3
                0x08000ee8       0x78 ./Src/Module4.o
                0x08000ee8                timer_init3
 .text.timer_init4
                0x08000f60       0x78 ./Src/Module4.o
                0x08000f60                timer_init4
 .text.delay_us
                0x08000fd8       0x30 ./Src/Module4.o
                0x08000fd8                delay_us
 .text.delay_us_tim3
                0x08001008       0x30 ./Src/Module4.o
                0x08001008                delay_us_tim3
 .text.TIM3_IRQHandler
                0x08001038       0x30 ./Src/Module4.o
                0x08001038                TIM3_IRQHandler
 .text.TIM2_IRQHandler
                0x08001068       0xf8 ./Src/Module4.o
                0x08001068                TIM2_IRQHandler
 .text.TIM4_IRQHandler
                0x08001160       0x30 ./Src/Module4.o
                0x08001160                TIM4_IRQHandler
 .text.drive_output_pin
                0x08001190       0x98 ./Src/Module4.o
                0x08001190                drive_output_pin
 .text.joystick_control_servo
                0x08001228       0x80 ./Src/Module4.o
                0x08001228                joystick_control_servo
 .text.delay    0x080012a8       0x32 ./Src/Module4.o
 *fill*         0x080012da        0x2 
 .text.pulse_enable
                0x080012dc       0x30 ./Src/Module4.o
 .text.send_nibble
                0x0800130c       0x34 ./Src/Module4.o
 .text.send_byte
                0x08001340       0x4c ./Src/Module4.o
 .text.lcd_init
                0x0800138c       0xac ./Src/Module4.o
                0x0800138c                lcd_init
 .text.lcd_clear
                0x08001438       0x16 ./Src/Module4.o
                0x08001438                lcd_clear
 .text.lcd_set_cursor
                0x0800144e       0x30 ./Src/Module4.o
                0x0800144e                lcd_set_cursor
 .text.lcd_print
                0x0800147e       0x2c ./Src/Module4.o
                0x0800147e                lcd_print
 .text.joystick_init
                0x080014aa       0x10 ./Src/joystick.o
                0x080014aa                joystick_init
 *fill*         0x080014ba        0x2 
 .text.joystick_gpio_init
                0x080014bc       0x90 ./Src/joystick.o
 .text.joystick_adc_init
                0x0800154c       0xf0 ./Src/joystick.o
 .text.joystick_adc_read_channel
                0x0800163c       0x7a ./Src/joystick.o
 .text.joystick_read_x_raw
                0x080016b6       0x10 ./Src/joystick.o
                0x080016b6                joystick_read_x_raw
 .text.joystick_read_y_raw
                0x080016c6       0x10 ./Src/joystick.o
                0x080016c6                joystick_read_y_raw
 .text.joystick_button_pressed
                0x080016d6       0x22 ./Src/joystick.o
                0x080016d6                joystick_button_pressed
 .text.joystick_read_state
                0x080016f8       0x98 ./Src/joystick.o
                0x080016f8                joystick_read_state
 .text.magnetometerInitialisation
                0x08001790       0x36 ./Src/magnetometer.o
                0x08001790                magnetometerInitialisation
 *fill*         0x080017c6        0x2 
 .text.magnetometerReadingUpdate
                0x080017c8      0x144 ./Src/magnetometer.o
                0x080017c8                magnetometerReadingUpdate
 .text.main     0x0800190c       0x48 ./Src/main.o
                0x0800190c                main
 .text.Reset_Handler
                0x08001954       0x50 ./Startup/startup_stm32f303vctx.o
                0x08001954                Reset_Handler
 .text.Default_Handler
                0x080019a4        0x2 ./Startup/startup_stm32f303vctx.o
                0x080019a4                TIM1_BRK_TIM15_IRQHandler
                0x080019a4                TIM8_CC_IRQHandler
                0x080019a4                DebugMon_Handler
                0x080019a4                DMA1_CH4_IRQHandler
                0x080019a4                SPI4_IRQHandler
                0x080019a4                TIM1_CC_IRQHandler
                0x080019a4                HardFault_Handler
                0x080019a4                USB_HP_IRQHandler
                0x080019a4                I2C2_EV_EXTI24_IRQHandler
                0x080019a4                SysTick_Handler
                0x080019a4                USB_WKUP_EXTI_IRQHandler
                0x080019a4                PVD_IRQHandler
                0x080019a4                UART4_EXTI34_IRQHandler
                0x080019a4                TAMP_STAMP_IRQHandler
                0x080019a4                PendSV_Handler
                0x080019a4                NMI_Handler
                0x080019a4                EXTI3_IRQHandler
                0x080019a4                I2C3_ER_IRQHandler
                0x080019a4                TIM6_DACUNDER_IRQHandler
                0x080019a4                USB_HP_CAN_TX_IRQHandler
                0x080019a4                EXTI0_IRQHandler
                0x080019a4                DMA2_CH1_IRQHandler
                0x080019a4                TIM1_UP_TIM16_IRQHandler
                0x080019a4                UsageFault_Handler
                0x080019a4                ADC1_2_IRQHandler
                0x080019a4                SPI1_IRQHandler
                0x080019a4                CAN_SCE_IRQHandler
                0x080019a4                DMA1_CH7_IRQHandler
                0x080019a4                TIM8_UP_IRQHandler
                0x080019a4                COMP456_IRQHandler
                0x080019a4                DMA1_CH6_IRQHandler
                0x080019a4                TIM20_TRG_COM_IRQHandler
                0x080019a4                ADC3_IRQHandler
                0x080019a4                CAN_RX1_IRQHandler
                0x080019a4                USART1_EXTI25_IRQHandler
                0x080019a4                DMA2_CH5_IRQHandler
                0x080019a4                DMA1_CH3_IRQHandler
                0x080019a4                RCC_IRQHandler
                0x080019a4                TIM20_UP_IRQHandler
                0x080019a4                Default_Handler
                0x080019a4                EXTI15_10_IRQHandler
                0x080019a4                USART2_EXTI26_IRQHandler
                0x080019a4                USART3_EXTI28_IRQHandler
                0x080019a4                TIM7_IRQHandler
                0x080019a4                I2C3_EV_IRQHandler
                0x080019a4                EXTI9_5_IRQHandler
                0x080019a4                DMA1_CH2_IRQHandler
                0x080019a4                RTC_WKUP_IRQHandler
                0x080019a4                SPI2_IRQHandler
                0x080019a4                DMA1_CH1_IRQHandler
                0x080019a4                USB_LP_CAN_RX0_IRQHandler
                0x080019a4                MemManage_Handler
                0x080019a4                COMP123_IRQHandler
                0x080019a4                SVC_Handler
                0x080019a4                USB_LP_IRQHandler
                0x080019a4                EXTI4_IRQHandler
                0x080019a4                TIM1_TRG_COM_TIM17_IRQHandler
                0x080019a4                ADC4_IRQHandler
                0x080019a4                WWDG_IRQHandler
                0x080019a4                COMP7_IRQHandler
                0x080019a4                EXTI1_IRQHandler
                0x080019a4                RTCAlarm_IRQHandler
                0x080019a4                UART5_EXTI35_IRQHandler
                0x080019a4                TIM20_BRK_IRQHandler
                0x080019a4                I2C2_ER_IRQHandler
                0x080019a4                TIM8_BRK_IRQHandler
                0x080019a4                FLASH_IRQHandler
                0x080019a4                TIM20_CC_IRQHandler
                0x080019a4                BusFault_Handler
                0x080019a4                SPI3_IRQHandler
                0x080019a4                DMA2_CH3_IRQHandler
                0x080019a4                DMA2_CH2_IRQHandler
                0x080019a4                I2C1_ER_IRQHandler
                0x080019a4                FMC_IRQHandler
                0x080019a4                DMA1_CH5_IRQHandler
                0x080019a4                DMA2_CH4_IRQHandler
                0x080019a4                USB_WKUP_IRQHandler
                0x080019a4                EXTI2_TSC_IRQHandler
                0x080019a4                TIM8_TRG_COM_IRQHandler
 *fill*         0x080019a6        0x2 
 .text.__libc_init_array
                0x080019a8       0x48 /Applications/STM32CubeIDE.app/Contents/Eclipse/plugins/com.st.stm32cube.ide.mcu.externaltools.gnu-tools-for-stm32.14.3.rel1.macos64_1.0.100.202602081740/tools/bin/../lib/gcc/arm-none-eabi/14.3.1/../../../../arm-none-eabi/lib/thumb/v7e-m+fp/hard/libc_nano.a(libc_a-init.o)
                0x080019a8                __libc_init_array
 .text.atan2f   0x080019f0        0x4 /Applications/STM32CubeIDE.app/Contents/Eclipse/plugins/com.st.stm32cube.ide.mcu.externaltools.gnu-tools-for-stm32.14.3.rel1.macos64_1.0.100.202602081740/tools/bin/../lib/gcc/arm-none-eabi/14.3.1/../../../../arm-none-eabi/lib/thumb/v7e-m+fp/hard/libm.a(libm_a-wf_atan2.o)
                0x080019f0                atan2f
 .text.__ieee754_atan2f
                0x080019f4      0x14c /Applications/STM32CubeIDE.app/Contents/Eclipse/plugins/com.st.stm32cube.ide.mcu.externaltools.gnu-tools-for-stm32.14.3.rel1.macos64_1.0.100.202602081740/tools/bin/../lib/gcc/arm-none-eabi/14.3.1/../../../../arm-none-eabi/lib/thumb/v7e-m+fp/hard/libm.a(libm_a-ef_atan2.o)
                0x080019f4                __ieee754_atan2f
 .text.atanf    0x08001b40      0x1a4 /Applications/STM32CubeIDE.app/Contents/Eclipse/plugins/com.st.stm32cube.ide.mcu.externaltools.gnu-tools-for-stm32.14.3.rel1.macos64_1.0.100.202602081740/tools/bin/../lib/gcc/arm-none-eabi/14.3.1/../../../../arm-none-eabi/lib/thumb/v7e-m+fp/hard/libm.a(libm_a-sf_atan.o)
                0x08001b40                atanf
 .text.fabsf    0x08001ce4       0x10 /Applications/STM32CubeIDE.app/Contents/Eclipse/plugins/com.st.stm32cube.ide.mcu.externaltools.gnu-tools-for-stm32.14.3.rel1.macos64_1.0.100.202602081740/tools/bin/../lib/gcc/arm-none-eabi/14.3.1/../../../../arm-none-eabi/lib/thumb/v7e-m+fp/hard/libm.a(libm_a-sf_fabs.o)
                0x08001ce4                fabsf
 *(.glue_7)
 .glue_7        0x08001cf4        0x0 linker stubs
 *(.glue_7t)
 .glue_7t       0x08001cf4        0x0 linker stubs
 *(.eh_frame)
 .eh_frame      0x08001cf4        0x0 /Applications/STM32CubeIDE.app/Contents/Eclipse/plugins/com.st.stm32cube.ide.mcu.externaltools.gnu-tools-for-stm32.14.3.rel1.macos64_1.0.100.202602081740/tools/bin/../lib/gcc/arm-none-eabi/14.3.1/thumb/v7e-m+fp/hard/crtbegin.o
 *(.init)
 .init          0x08001cf4        0x4 /Applications/STM32CubeIDE.app/Contents/Eclipse/plugins/com.st.stm32cube.ide.mcu.externaltools.gnu-tools-for-stm32.14.3.rel1.macos64_1.0.100.202602081740/tools/bin/../lib/gcc/arm-none-eabi/14.3.1/thumb/v7e-m+fp/hard/crti.o
                0x08001cf4                _init
 .init          0x08001cf8        0x8 /Applications/STM32CubeIDE.app/Contents/Eclipse/plugins/com.st.stm32cube.ide.mcu.externaltools.gnu-tools-for-stm32.14.3.rel1.macos64_1.0.100.202602081740/tools/bin/../lib/gcc/arm-none-eabi/14.3.1/thumb/v7e-m+fp/hard/crtn.o
 *(.fini)
 .fini          0x08001d00        0x4 /Applications/STM32CubeIDE.app/Contents/Eclipse/plugins/com.st.stm32cube.ide.mcu.externaltools.gnu-tools-for-stm32.14.3.rel1.macos64_1.0.100.202602081740/tools/bin/../lib/gcc/arm-none-eabi/14.3.1/thumb/v7e-m+fp/hard/crti.o
                0x08001d00                _fini
 .fini          0x08001d04        0x8 /Applications/STM32CubeIDE.app/Contents/Eclipse/plugins/com.st.stm32cube.ide.mcu.externaltools.gnu-tools-for-stm32.14.3.rel1.macos64_1.0.100.202602081740/tools/bin/../lib/gcc/arm-none-eabi/14.3.1/thumb/v7e-m+fp/hard/crtn.o
                0x08001d0c                        . = ALIGN (0x4)
                0x08001d0c                        _etext = .

.vfp11_veneer   0x08001d0c        0x0
 .vfp11_veneer  0x08001d0c        0x0 linker stubs

.v4_bx          0x08001d0c        0x0
 .v4_bx         0x08001d0c        0x0 linker stubs

.iplt           0x08001d0c        0x0
 .iplt          0x08001d0c        0x0 /Applications/STM32CubeIDE.app/Contents/Eclipse/plugins/com.st.stm32cube.ide.mcu.externaltools.gnu-tools-for-stm32.14.3.rel1.macos64_1.0.100.202602081740/tools/bin/../lib/gcc/arm-none-eabi/14.3.1/thumb/v7e-m+fp/hard/crtbegin.o

.rodata         0x08001d0c      0x198
                0x08001d0c                        . = ALIGN (0x4)
 *(.rodata)
 .rodata        0x08001d0c      0x15d ./Src/Module4.o
 *(.rodata*)
 *fill*         0x08001e69        0x3 
 .rodata.CSWTCH.9
                0x08001e6c        0xc /Applications/STM32CubeIDE.app/Contents/Eclipse/plugins/com.st.stm32cube.ide.mcu.externaltools.gnu-tools-for-stm32.14.3.rel1.macos64_1.0.100.202602081740/tools/bin/../lib/gcc/arm-none-eabi/14.3.1/../../../../arm-none-eabi/lib/thumb/v7e-m+fp/hard/libm.a(libm_a-ef_atan2.o)
 .rodata.CSWTCH.8
                0x08001e78        0xc /Applications/STM32CubeIDE.app/Contents/Eclipse/plugins/com.st.stm32cube.ide.mcu.externaltools.gnu-tools-for-stm32.14.3.rel1.macos64_1.0.100.202602081740/tools/bin/../lib/gcc/arm-none-eabi/14.3.1/../../../../arm-none-eabi/lib/thumb/v7e-m+fp/hard/libm.a(libm_a-ef_atan2.o)
 .rodata.atanlo
                0x08001e84       0x10 /Applications/STM32CubeIDE.app/Contents/Eclipse/plugins/com.st.stm32cube.ide.mcu.externaltools.gnu-tools-for-stm32.14.3.rel1.macos64_1.0.100.202602081740/tools/bin/../lib/gcc/arm-none-eabi/14.3.1/../../../../arm-none-eabi/lib/thumb/v7e-m+fp/hard/libm.a(libm_a-sf_atan.o)
 .rodata.atanhi
                0x08001e94       0x10 /Applications/STM32CubeIDE.app/Contents/Eclipse/plugins/com.st.stm32cube.ide.mcu.externaltools.gnu-tools-for-stm32.14.3.rel1.macos64_1.0.100.202602081740/tools/bin/../lib/gcc/arm-none-eabi/14.3.1/../../../../arm-none-eabi/lib/thumb/v7e-m+fp/hard/libm.a(libm_a-sf_atan.o)
                0x08001ea4                        . = ALIGN (0x4)

.ARM.extab      0x08001ea4        0x0
                0x08001ea4                        . = ALIGN (0x4)
 *(.ARM.extab* .gnu.linkonce.armextab.*)
                0x08001ea4                        . = ALIGN (0x4)

.ARM            0x08001ea4        0x0
                0x08001ea4                        . = ALIGN (0x4)
                0x08001ea4                        __exidx_start = .
 *(.ARM.exidx*)
                0x08001ea4                        __exidx_end = .
                0x08001ea4                        . = ALIGN (0x4)

.preinit_array  0x08001ea4        0x0
                0x08001ea4                        . = ALIGN (0x4)
                0x08001ea4                        PROVIDE (__preinit_array_start = .)
 *(.preinit_array*)
                0x08001ea4                        PROVIDE (__preinit_array_end = .)
                0x08001ea4                        . = ALIGN (0x4)

.init_array     0x08001ea4        0x4
                0x08001ea4                        . = ALIGN (0x4)
                0x08001ea4                        PROVIDE (__init_array_start = .)
 *(SORT_BY_NAME(.init_array.*))
 *(.init_array*)
 .init_array    0x08001ea4        0x4 /Applications/STM32CubeIDE.app/Contents/Eclipse/plugins/com.st.stm32cube.ide.mcu.externaltools.gnu-tools-for-stm32.14.3.rel1.macos64_1.0.100.202602081740/tools/bin/../lib/gcc/arm-none-eabi/14.3.1/thumb/v7e-m+fp/hard/crtbegin.o
                0x08001ea8                        PROVIDE (__init_array_end = .)
                0x08001ea8                        . = ALIGN (0x4)

.fini_array     0x08001ea8        0x4
                0x08001ea8                        . = ALIGN (0x4)
                [!provide]                        PROVIDE (__fini_array_start = .)
 *(SORT_BY_NAME(.fini_array.*))
 *(.fini_array*)
 .fini_array    0x08001ea8        0x4 /Applications/STM32CubeIDE.app/Contents/Eclipse/plugins/com.st.stm32cube.ide.mcu.externaltools.gnu-tools-for-stm32.14.3.rel1.macos64_1.0.100.202602081740/tools/bin/../lib/gcc/arm-none-eabi/14.3.1/thumb/v7e-m+fp/hard/crtbegin.o
                [!provide]                        PROVIDE (__fini_array_end = .)
                0x08001eac                        . = ALIGN (0x4)
                0x08001eac                        _sidata = LOADADDR (.data)

.rel.dyn        0x08001eac        0x0
 .rel.iplt      0x08001eac        0x0 /Applications/STM32CubeIDE.app/Contents/Eclipse/plugins/com.st.stm32cube.ide.mcu.externaltools.gnu-tools-for-stm32.14.3.rel1.macos64_1.0.100.202602081740/tools/bin/../lib/gcc/arm-none-eabi/14.3.1/thumb/v7e-m+fp/hard/crtbegin.o

.data           0x20000000        0x8 load address 0x08001eac
                0x20000000                        . = ALIGN (0x4)
                0x20000000                        _sdata = .
 *(.data)
 *(.data*)
 .data.servo1_pulse_width
                0x20000000        0x4 ./Src/Module4.o
 .data.servo2_pulse_width
                0x20000004        0x4 ./Src/Module4.o
 *(.RamFunc)
 *(.RamFunc*)
                0x20000008                        . = ALIGN (0x4)
                0x20000008                        _edata = .
                0x08001eb4                        _siccmram = LOADADDR (.ccmram)

.igot.plt       0x20000008        0x0 load address 0x08001eb4
 .igot.plt      0x20000008        0x0 /Applications/STM32CubeIDE.app/Contents/Eclipse/plugins/com.st.stm32cube.ide.mcu.externaltools.gnu-tools-for-stm32.14.3.rel1.macos64_1.0.100.202602081740/tools/bin/../lib/gcc/arm-none-eabi/14.3.1/thumb/v7e-m+fp/hard/crtbegin.o

.ccmram         0x10000000        0x0 load address 0x08001eb4
                0x10000000                        . = ALIGN (0x4)
                0x10000000                        _sccmram = .
 *(.ccmram)
 *(.ccmram*)
                0x10000000                        . = ALIGN (0x4)
                0x10000000                        _eccmram = .
                0x10000000                        . = ALIGN (0x4)

.bss            0x20000008       0x44
                0x20000008                        _sbss = .
                0x20000008                        __bss_start__ = _sbss
 *(.bss)
 .bss           0x20000008       0x1c /Applications/STM32CubeIDE.app/Contents/Eclipse/plugins/com.st.stm32cube.ide.mcu.externaltools.gnu-tools-for-stm32.14.3.rel1.macos64_1.0.100.202602081740/tools/bin/../lib/gcc/arm-none-eabi/14.3.1/thumb/v7e-m+fp/hard/crtbegin.o
 *(.bss*)
 .bss.interruptSlaveAddress
                0x20000024        0x1 ./Src/I2C.o
 .bss.interruptSlaveRegister
                0x20000025        0x1 ./Src/I2C.o
 .bss.interruptTxData
                0x20000026        0x1 ./Src/I2C.o
 *fill*         0x20000027        0x1 
 .bss.interruptRxBuffer
                0x20000028        0x4 ./Src/I2C.o
 .bss.interruptRxBytes
                0x2000002c        0x2 ./Src/I2C.o
 .bss.I2CState  0x2000002e        0x1 ./Src/I2C.o
 .bss.spring_release_active
                0x2000002f        0x1 ./Src/Module4.o
 .bss.mag.1     0x20000030       0x10 ./Src/Module4.o
 .bss.last_move_time.0
                0x20000040        0x4 ./Src/Module4.o
 .bss.buffer.0  0x20000044        0x6 ./Src/magnetometer.o
 *(COMMON)
                0x2000004c                        . = ALIGN (0x4)
 *fill*         0x2000004a        0x2 
                0x2000004c                        _ebss = .
                0x2000004c                        __bss_end__ = _ebss

._user_heap_stack
                0x2000004c      0x604
                0x20000050                        . = ALIGN (0x8)
 *fill*         0x2000004c        0x4 
                [!provide]                        PROVIDE (end = .)
                0x20000050                        PROVIDE (_end = .)
                0x20000250                        . = (. + _Min_Heap_Size)
 *fill*         0x20000050      0x200 
                0x20000650                        . = (. + _Min_Stack_Size)
 *fill*         0x20000250      0x400 
                0x20000650                        . = ALIGN (0x8)

/DISCARD/
 libc.a(*)
 libm.a(*)
 libgcc.a(*)

.ARM.attributes
                0x00000000       0x30
 *(.ARM.attributes)
 .ARM.attributes
                0x00000000       0x22 /Applications/STM32CubeIDE.app/Contents/Eclipse/plugins/com.st.stm32cube.ide.mcu.externaltools.gnu-tools-for-stm32.14.3.rel1.macos64_1.0.100.202602081740/tools/bin/../lib/gcc/arm-none-eabi/14.3.1/thumb/v7e-m+fp/hard/crti.o
 .ARM.attributes
                0x00000022       0x34 /Applications/STM32CubeIDE.app/Contents/Eclipse/plugins/com.st.stm32cube.ide.mcu.externaltools.gnu-tools-for-stm32.14.3.rel1.macos64_1.0.100.202602081740/tools/bin/../lib/gcc/arm-none-eabi/14.3.1/thumb/v7e-m+fp/hard/crtbegin.o
 .ARM.attributes
                0x00000056       0x34 ./Src/I2C.o
 .ARM.attributes
                0x0000008a       0x34 ./Src/Module4.o
 .ARM.attributes
                0x000000be       0x34 ./Src/joystick.o
 .ARM.attributes
                0x000000f2       0x34 ./Src/magnetometer.o
 .ARM.attributes
                0x00000126       0x34 ./Src/main.o
 .ARM.attributes
                0x0000015a       0x21 ./Startup/startup_stm32f303vctx.o
 .ARM.attributes
                0x0000017b       0x34 /Applications/STM32CubeIDE.app/Contents/Eclipse/plugins/com.st.stm32cube.ide.mcu.externaltools.gnu-tools-for-stm32.14.3.rel1.macos64_1.0.100.202602081740/tools/bin/../lib/gcc/arm-none-eabi/14.3.1/../../../../arm-none-eabi/lib/thumb/v7e-m+fp/hard/libc_nano.a(libc_a-init.o)
 .ARM.attributes
                0x000001af       0x34 /Applications/STM32CubeIDE.app/Contents/Eclipse/plugins/com.st.stm32cube.ide.mcu.externaltools.gnu-tools-for-stm32.14.3.rel1.macos64_1.0.100.202602081740/tools/bin/../lib/gcc/arm-none-eabi/14.3.1/../../../../arm-none-eabi/lib/thumb/v7e-m+fp/hard/libm.a(libm_a-wf_atan2.o)
 .ARM.attributes
                0x000001e3       0x34 /Applications/STM32CubeIDE.app/Contents/Eclipse/plugins/com.st.stm32cube.ide.mcu.externaltools.gnu-tools-for-stm32.14.3.rel1.macos64_1.0.100.202602081740/tools/bin/../lib/gcc/arm-none-eabi/14.3.1/../../../../arm-none-eabi/lib/thumb/v7e-m+fp/hard/libm.a(libm_a-ef_atan2.o)
 .ARM.attributes
                0x00000217       0x34 /Applications/STM32CubeIDE.app/Contents/Eclipse/plugins/com.st.stm32cube.ide.mcu.externaltools.gnu-tools-for-stm32.14.3.rel1.macos64_1.0.100.202602081740/tools/bin/../lib/gcc/arm-none-eabi/14.3.1/../../../../arm-none-eabi/lib/thumb/v7e-m+fp/hard/libm.a(libm_a-sf_atan.o)
 .ARM.attributes
                0x0000024b       0x34 /Applications/STM32CubeIDE.app/Contents/Eclipse/plugins/com.st.stm32cube.ide.mcu.externaltools.gnu-tools-for-stm32.14.3.rel1.macos64_1.0.100.202602081740/tools/bin/../lib/gcc/arm-none-eabi/14.3.1/../../../../arm-none-eabi/lib/thumb/v7e-m+fp/hard/libm.a(libm_a-sf_fabs.o)
 .ARM.attributes
                0x0000027f       0x22 /Applications/STM32CubeIDE.app/Contents/Eclipse/plugins/com.st.stm32cube.ide.mcu.externaltools.gnu-tools-for-stm32.14.3.rel1.macos64_1.0.100.202602081740/tools/bin/../lib/gcc/arm-none-eabi/14.3.1/thumb/v7e-m+fp/hard/libgcc.a(_arm_addsubdf3.o)
 .ARM.attributes
                0x000002a1       0x22 /Applications/STM32CubeIDE.app/Contents/Eclipse/plugins/com.st.stm32cube.ide.mcu.externaltools.gnu-tools-for-stm32.14.3.rel1.macos64_1.0.100.202602081740/tools/bin/../lib/gcc/arm-none-eabi/14.3.1/thumb/v7e-m+fp/hard/libgcc.a(_arm_muldivdf3.o)
 .ARM.attributes
                0x000002c3       0x22 /Applications/STM32CubeIDE.app/Contents/Eclipse/plugins/com.st.stm32cube.ide.mcu.externaltools.gnu-tools-for-stm32.14.3.rel1.macos64_1.0.100.202602081740/tools/bin/../lib/gcc/arm-none-eabi/14.3.1/thumb/v7e-m+fp/hard/libgcc.a(_arm_truncdfsf2.o)
 .ARM.attributes
                0x000002e5       0x22 /Applications/STM32CubeIDE.app/Contents/Eclipse/plugins/com.st.stm32cube.ide.mcu.externaltools.gnu-tools-for-stm32.14.3.rel1.macos64_1.0.100.202602081740/tools/bin/../lib/gcc/arm-none-eabi/14.3.1/thumb/v7e-m+fp/hard/crtn.o
OUTPUT(Exercise 4.elf elf32-littlearm)
LOAD linker stubs
LOAD /Applications/STM32CubeIDE.app/Contents/Eclipse/plugins/com.st.stm32cube.ide.mcu.externaltools.gnu-tools-for-stm32.14.3.rel1.macos64_1.0.100.202602081740/tools/bin/../lib/gcc/arm-none-eabi/14.3.1/../../../../arm-none-eabi/lib/thumb/v7e-m+fp/hard/libc.a
LOAD /Applications/STM32CubeIDE.app/Contents/Eclipse/plugins/com.st.stm32cube.ide.mcu.externaltools.gnu-tools-for-stm32.14.3.rel1.macos64_1.0.100.202602081740/tools/bin/../lib/gcc/arm-none-eabi/14.3.1/../../../../arm-none-eabi/lib/thumb/v7e-m+fp/hard/libm.a
LOAD /Applications/STM32CubeIDE.app/Contents/Eclipse/plugins/com.st.stm32cube.ide.mcu.externaltools.gnu-tools-for-stm32.14.3.rel1.macos64_1.0.100.202602081740/tools/bin/../lib/gcc/arm-none-eabi/14.3.1/thumb/v7e-m+fp/hard/libgcc.a

.debug_info     0x00000000     0x1fe1
 .debug_info    0x00000000      0x75d ./Src/I2C.o
 .debug_info    0x0000075d      0xca9 ./Src/Module4.o
 .debug_info    0x00001406      0x630 ./Src/joystick.o
 .debug_info    0x00001a36      0x376 ./Src/magnetometer.o
 .debug_info    0x00001dac      0x205 ./Src/main.o
 .debug_info    0x00001fb1       0x30 ./Startup/startup_stm32f303vctx.o

.debug_abbrev   0x00000000      0x904
 .debug_abbrev  0x00000000      0x19f ./Src/I2C.o
 .debug_abbrev  0x0000019f      0x315 ./Src/Module4.o
 .debug_abbrev  0x000004b4      0x1ff ./Src/joystick.o
 .debug_abbrev  0x000006b3      0x164 ./Src/magnetometer.o
 .debug_abbrev  0x00000817       0xc9 ./Src/main.o
 .debug_abbrev  0x000008e0       0x24 ./Startup/startup_stm32f303vctx.o

.debug_aranges  0x00000000      0x208
 .debug_aranges
                0x00000000       0x48 ./Src/I2C.o
 .debug_aranges
                0x00000048       0xe8 ./Src/Module4.o
 .debug_aranges
                0x00000130       0x68 ./Src/joystick.o
 .debug_aranges
                0x00000198       0x28 ./Src/magnetometer.o
 .debug_aranges
                0x000001c0       0x20 ./Src/main.o
 .debug_aranges
                0x000001e0       0x28 ./Startup/startup_stm32f303vctx.o

.debug_rnglists
                0x00000000      0x180
 .debug_rnglists
                0x00000000       0x33 ./Src/I2C.o
 .debug_rnglists
                0x00000033       0xbb ./Src/Module4.o
 .debug_rnglists
                0x000000ee       0x4c ./Src/joystick.o
 .debug_rnglists
                0x0000013a       0x1a ./Src/magnetometer.o
 .debug_rnglists
                0x00000154       0x13 ./Src/main.o
 .debug_rnglists
                0x00000167       0x19 ./Startup/startup_stm32f303vctx.o

.debug_macro    0x00000000    0x162bc
 .debug_macro   0x00000000      0x105 ./Src/I2C.o
 .debug_macro   0x00000105      0xaea ./Src/I2C.o
 .debug_macro   0x00000bef       0x28 ./Src/I2C.o
 .debug_macro   0x00000c17       0x22 ./Src/I2C.o
 .debug_macro   0x00000c39       0x8e ./Src/I2C.o
 .debug_macro   0x00000cc7       0x51 ./Src/I2C.o
 .debug_macro   0x00000d18      0x103 ./Src/I2C.o
 .debug_macro   0x00000e1b       0x6a ./Src/I2C.o
 .debug_macro   0x00000e85      0x1df ./Src/I2C.o
 .debug_macro   0x00001064       0x1c ./Src/I2C.o
 .debug_macro   0x00001080       0x22 ./Src/I2C.o
 .debug_macro   0x000010a2       0xd9 ./Src/I2C.o
 .debug_macro   0x0000117b     0x102d ./Src/I2C.o
 .debug_macro   0x000021a8      0x11f ./Src/I2C.o
 .debug_macro   0x000022c7    0x12a3a ./Src/I2C.o
 .debug_macro   0x00014d01      0x22b ./Src/Module4.o
 .debug_macro   0x00014f2c       0x2e ./Src/Module4.o
 .debug_macro   0x00014f5a       0x22 ./Src/Module4.o
 .debug_macro   0x00014f7c       0x61 ./Src/Module4.o
 .debug_macro   0x00014fdd       0x2a ./Src/Module4.o
 .debug_macro   0x00015007       0x43 ./Src/Module4.o
 .debug_macro   0x0001504a       0x34 ./Src/Module4.o
 .debug_macro   0x0001507e       0x16 ./Src/Module4.o
 .debug_macro   0x00015094       0x9e ./Src/Module4.o
 .debug_macro   0x00015132      0x364 ./Src/Module4.o
 .debug_macro   0x00015496      0x112 ./Src/Module4.o
 .debug_macro   0x000155a8       0x10 ./Src/Module4.o
 .debug_macro   0x000155b8       0x16 ./Src/Module4.o
 .debug_macro   0x000155ce       0x4a ./Src/Module4.o
 .debug_macro   0x00015618       0x34 ./Src/Module4.o
 .debug_macro   0x0001564c       0x10 ./Src/Module4.o
 .debug_macro   0x0001565c       0x58 ./Src/Module4.o
 .debug_macro   0x000156b4       0x8e ./Src/Module4.o
 .debug_macro   0x00015742       0x1c ./Src/Module4.o
 .debug_macro   0x0001575e      0x17e ./Src/Module4.o
 .debug_macro   0x000158dc       0x16 ./Src/Module4.o
 .debug_macro   0x000158f2       0x16 ./Src/Module4.o
 .debug_macro   0x00015908      0x146 ./Src/Module4.o
 .debug_macro   0x00015a4e       0x16 ./Src/Module4.o
 .debug_macro   0x00015a64       0x3c ./Src/Module4.o
 .debug_macro   0x00015aa0       0x16 ./Src/Module4.o
 .debug_macro   0x00015ab6       0x29 ./Src/Module4.o
 .debug_macro   0x00015adf      0x19b ./Src/Module4.o
 .debug_macro   0x00015c7a      0x202 ./Src/joystick.o
 .debug_macro   0x00015e7c      0x1a0 ./Src/magnetometer.o
 .debug_macro   0x0001601c      0x190 ./Src/magnetometer.o
 .debug_macro   0x000161ac       0xdc ./Src/main.o
 .debug_macro   0x00016288       0x34 ./Src/main.o

.debug_line     0x00000000     0x28af
 .debug_line    0x00000000      0x6ab ./Src/I2C.o
 .debug_line    0x000006ab      0xc73 ./Src/Module4.o
 .debug_line    0x0000131e      0x8f4 ./Src/joystick.o
 .debug_line    0x00001c12      0x6fb ./Src/magnetometer.o
 .debug_line    0x0000230d      0x527 ./Src/main.o
 .debug_line    0x00002834       0x7b ./Startup/startup_stm32f303vctx.o

.debug_str      0x00000000    0x7723c
 .debug_str     0x00000000    0x7723c ./Src/I2C.o
                              0x72a1c (size before relaxing)
 .debug_str     0x0007723c    0x77125 ./Src/Module4.o
 .debug_str     0x0007723c    0x7627f ./Src/joystick.o
 .debug_str     0x0007723c    0x761fa ./Src/magnetometer.o
 .debug_str     0x0007723c    0x7247b ./Src/main.o
 .debug_str     0x0007723c       0x87 ./Startup/startup_stm32f303vctx.o

.comment        0x00000000       0x43
 .comment       0x00000000       0x43 ./Src/I2C.o
                                 0x44 (size before relaxing)
 .comment       0x00000043       0x44 ./Src/Module4.o
 .comment       0x00000043       0x44 ./Src/joystick.o
 .comment       0x00000043       0x44 ./Src/magnetometer.o
 .comment       0x00000043       0x44 ./Src/main.o

.debug_frame    0x00000000      0x7e8
 .debug_frame   0x00000000       0xd8 ./Src/I2C.o
 .debug_frame   0x000000d8      0x350 ./Src/Module4.o
 .debug_frame   0x00000428      0x148 ./Src/joystick.o
 .debug_frame   0x00000570       0x50 ./Src/magnetometer.o
 .debug_frame   0x000005c0       0x2c ./Src/main.o
 .debug_frame   0x000005ec       0x2c /Applications/STM32CubeIDE.app/Contents/Eclipse/plugins/com.st.stm32cube.ide.mcu.externaltools.gnu-tools-for-stm32.14.3.rel1.macos64_1.0.100.202602081740/tools/bin/../lib/gcc/arm-none-eabi/14.3.1/../../../../arm-none-eabi/lib/thumb/v7e-m+fp/hard/libc_nano.a(libc_a-init.o)
 .debug_frame   0x00000618       0x20 /Applications/STM32CubeIDE.app/Contents/Eclipse/plugins/com.st.stm32cube.ide.mcu.externaltools.gnu-tools-for-stm32.14.3.rel1.macos64_1.0.100.202602081740/tools/bin/../lib/gcc/arm-none-eabi/14.3.1/../../../../arm-none-eabi/lib/thumb/v7e-m+fp/hard/libm.a(libm_a-wf_atan2.o)
 .debug_frame   0x00000638       0x44 /Applications/STM32CubeIDE.app/Contents/Eclipse/plugins/com.st.stm32cube.ide.mcu.externaltools.gnu-tools-for-stm32.14.3.rel1.macos64_1.0.100.202602081740/tools/bin/../lib/gcc/arm-none-eabi/14.3.1/../../../../arm-none-eabi/lib/thumb/v7e-m+fp/hard/libm.a(libm_a-ef_atan2.o)
 .debug_frame   0x0000067c       0x2c /Applications/STM32CubeIDE.app/Contents/Eclipse/plugins/com.st.stm32cube.ide.mcu.externaltools.gnu-tools-for-stm32.14.3.rel1.macos64_1.0.100.202602081740/tools/bin/../lib/gcc/arm-none-eabi/14.3.1/../../../../arm-none-eabi/lib/thumb/v7e-m+fp/hard/libm.a(libm_a-sf_atan.o)
 .debug_frame   0x000006a8       0x20 /Applications/STM32CubeIDE.app/Contents/Eclipse/plugins/com.st.stm32cube.ide.mcu.externaltools.gnu-tools-for-stm32.14.3.rel1.macos64_1.0.100.202602081740/tools/bin/../lib/gcc/arm-none-eabi/14.3.1/../../../../arm-none-eabi/lib/thumb/v7e-m+fp/hard/libm.a(libm_a-sf_fabs.o)
 .debug_frame   0x000006c8       0xac /Applications/STM32CubeIDE.app/Contents/Eclipse/plugins/com.st.stm32cube.ide.mcu.externaltools.gnu-tools-for-stm32.14.3.rel1.macos64_1.0.100.202602081740/tools/bin/../lib/gcc/arm-none-eabi/14.3.1/thumb/v7e-m+fp/hard/libgcc.a(_arm_addsubdf3.o)
 .debug_frame   0x00000774       0x50 /Applications/STM32CubeIDE.app/Contents/Eclipse/plugins/com.st.stm32cube.ide.mcu.externaltools.gnu-tools-for-stm32.14.3.rel1.macos64_1.0.100.202602081740/tools/bin/../lib/gcc/arm-none-eabi/14.3.1/thumb/v7e-m+fp/hard/libgcc.a(_arm_muldivdf3.o)
 .debug_frame   0x000007c4       0x24 /Applications/STM32CubeIDE.app/Contents/Eclipse/plugins/com.st.stm32cube.ide.mcu.externaltools.gnu-tools-for-stm32.14.3.rel1.macos64_1.0.100.202602081740/tools/bin/../lib/gcc/arm-none-eabi/14.3.1/thumb/v7e-m+fp/hard/libgcc.a(_arm_truncdfsf2.o)

.debug_line_str
                0x00000000       0x6b
 .debug_line_str
                0x00000000       0x6b ./Startup/startup_stm32f303vctx.o
