Archive member included to satisfy reference by file (symbol)

/Applications/STM32CubeIDE.app/Contents/Eclipse/plugins/com.st.stm32cube.ide.mcu.externaltools.gnu-tools-for-stm32.14.3.rel1.macos64_1.0.100.202602081740/tools/bin/../lib/gcc/arm-none-eabi/14.3.1/../../../../arm-none-eabi/lib/thumb/v7e-m+fp/hard/libc_nano.a(libc_a-exit.o)
                              /Applications/STM32CubeIDE.app/Contents/Eclipse/plugins/com.st.stm32cube.ide.mcu.externaltools.gnu-tools-for-stm32.14.3.rel1.macos64_1.0.100.202602081740/tools/bin/../lib/gcc/arm-none-eabi/14.3.1/../../../../arm-none-eabi/lib/thumb/v7e-m+fp/hard/crt0.o (exit)
/Applications/STM32CubeIDE.app/Contents/Eclipse/plugins/com.st.stm32cube.ide.mcu.externaltools.gnu-tools-for-stm32.14.3.rel1.macos64_1.0.100.202602081740/tools/bin/../lib/gcc/arm-none-eabi/14.3.1/../../../../arm-none-eabi/lib/thumb/v7e-m+fp/hard/libc_nano.a(libc_a-findfp.o)
                              /Applications/STM32CubeIDE.app/Contents/Eclipse/plugins/com.st.stm32cube.ide.mcu.externaltools.gnu-tools-for-stm32.14.3.rel1.macos64_1.0.100.202602081740/tools/bin/../lib/gcc/arm-none-eabi/14.3.1/../../../../arm-none-eabi/lib/thumb/v7e-m+fp/hard/libc_nano.a(libc_a-exit.o) (__stdio_exit_handler)
/Applications/STM32CubeIDE.app/Contents/Eclipse/plugins/com.st.stm32cube.ide.mcu.externaltools.gnu-tools-for-stm32.14.3.rel1.macos64_1.0.100.202602081740/tools/bin/../lib/gcc/arm-none-eabi/14.3.1/../../../../arm-none-eabi/lib/thumb/v7e-m+fp/hard/libc_nano.a(libc_a-fwalk.o)
                              /Applications/STM32CubeIDE.app/Contents/Eclipse/plugins/com.st.stm32cube.ide.mcu.externaltools.gnu-tools-for-stm32.14.3.rel1.macos64_1.0.100.202602081740/tools/bin/../lib/gcc/arm-none-eabi/14.3.1/../../../../arm-none-eabi/lib/thumb/v7e-m+fp/hard/libc_nano.a(libc_a-findfp.o) (_fwalk_sglue)
/Applications/STM32CubeIDE.app/Contents/Eclipse/plugins/com.st.stm32cube.ide.mcu.externaltools.gnu-tools-for-stm32.14.3.rel1.macos64_1.0.100.202602081740/tools/bin/../lib/gcc/arm-none-eabi/14.3.1/../../../../arm-none-eabi/lib/thumb/v7e-m+fp/hard/libc_nano.a(libc_a-memset.o)
                              /Applications/STM32CubeIDE.app/Contents/Eclipse/plugins/com.st.stm32cube.ide.mcu.externaltools.gnu-tools-for-stm32.14.3.rel1.macos64_1.0.100.202602081740/tools/bin/../lib/gcc/arm-none-eabi/14.3.1/../../../../arm-none-eabi/lib/thumb/v7e-m+fp/hard/crt0.o (memset)
/Applications/STM32CubeIDE.app/Contents/Eclipse/plugins/com.st.stm32cube.ide.mcu.externaltools.gnu-tools-for-stm32.14.3.rel1.macos64_1.0.100.202602081740/tools/bin/../lib/gcc/arm-none-eabi/14.3.1/../../../../arm-none-eabi/lib/thumb/v7e-m+fp/hard/libc_nano.a(libc_a-errno.o)
                              ./Src/syscalls.o (__errno)
/Applications/STM32CubeIDE.app/Contents/Eclipse/plugins/com.st.stm32cube.ide.mcu.externaltools.gnu-tools-for-stm32.14.3.rel1.macos64_1.0.100.202602081740/tools/bin/../lib/gcc/arm-none-eabi/14.3.1/../../../../arm-none-eabi/lib/thumb/v7e-m+fp/hard/libc_nano.a(libc_a-init.o)
                              /Applications/STM32CubeIDE.app/Contents/Eclipse/plugins/com.st.stm32cube.ide.mcu.externaltools.gnu-tools-for-stm32.14.3.rel1.macos64_1.0.100.202602081740/tools/bin/../lib/gcc/arm-none-eabi/14.3.1/../../../../arm-none-eabi/lib/thumb/v7e-m+fp/hard/crt0.o (__libc_init_array)
/Applications/STM32CubeIDE.app/Contents/Eclipse/plugins/com.st.stm32cube.ide.mcu.externaltools.gnu-tools-for-stm32.14.3.rel1.macos64_1.0.100.202602081740/tools/bin/../lib/gcc/arm-none-eabi/14.3.1/../../../../arm-none-eabi/lib/thumb/v7e-m+fp/hard/libc_nano.a(libc_a-lock.o)
                              /Applications/STM32CubeIDE.app/Contents/Eclipse/plugins/com.st.stm32cube.ide.mcu.externaltools.gnu-tools-for-stm32.14.3.rel1.macos64_1.0.100.202602081740/tools/bin/../lib/gcc/arm-none-eabi/14.3.1/../../../../arm-none-eabi/lib/thumb/v7e-m+fp/hard/libc_nano.a(libc_a-findfp.o) (__retarget_lock_init_recursive)
/Applications/STM32CubeIDE.app/Contents/Eclipse/plugins/com.st.stm32cube.ide.mcu.externaltools.gnu-tools-for-stm32.14.3.rel1.macos64_1.0.100.202602081740/tools/bin/../lib/gcc/arm-none-eabi/14.3.1/../../../../arm-none-eabi/lib/thumb/v7e-m+fp/hard/libc_nano.a(libc_a-impure.o)
                              /Applications/STM32CubeIDE.app/Contents/Eclipse/plugins/com.st.stm32cube.ide.mcu.externaltools.gnu-tools-for-stm32.14.3.rel1.macos64_1.0.100.202602081740/tools/bin/../lib/gcc/arm-none-eabi/14.3.1/../../../../arm-none-eabi/lib/thumb/v7e-m+fp/hard/libc_nano.a(libc_a-errno.o) (_impure_ptr)
/Applications/STM32CubeIDE.app/Contents/Eclipse/plugins/com.st.stm32cube.ide.mcu.externaltools.gnu-tools-for-stm32.14.3.rel1.macos64_1.0.100.202602081740/tools/bin/../lib/gcc/arm-none-eabi/14.3.1/../../../../arm-none-eabi/lib/thumb/v7e-m+fp/hard/libc_nano.a(libc_a-mallocr.o)
[...]
Memory Configuration

Name             Origin             Length             Attributes
CCMRAM           0x10000000         0x00002000         xrw
RAM              0x20000000         0x0000a000         xrw
FLASH            0x08000000         0x00040000         xr
*default*        0x00000000         0xffffffff

Linker script and memory map

LOAD /Applications/STM32CubeIDE.app/Contents/Eclipse/plugins/com.st.stm32cube.ide.mcu.externaltools.gnu-tools-for-stm32.14.3.rel1.macos64_1.0.100.202602081740/tools/bin/../lib/gcc/arm-none-eabi/14.3.1/thumb/v7e-m+fp/hard/crti.o
LOAD /Applications/STM32CubeIDE.app/Contents/Eclipse/plugins/com.st.stm32cube.ide.mcu.externaltools.gnu-tools-for-stm32.14.3.rel1.macos64_1.0.100.202602081740/tools/bin/../lib/gcc/arm-none-eabi/14.3.1/thumb/v7e-m+fp/hard/crtbegin.o
LOAD /Applications/STM32CubeIDE.app/Contents/Eclipse/plugins/com.st.stm32cube.ide.mcu.externaltools.gnu-tools-for-stm32.14.3.rel1.macos64_1.0.100.202602081740/tools/bin/../lib/gcc/arm-none-eabi/14.3.1/../../../../arm-none-eabi/lib/thumb/v7e-m+fp/hard/crt0.o
LOAD ./Src/I2C.o
LOAD ./Src/Module4.o
LOAD ./Src/main.o
LOAD ./Src/syscalls.o
LOAD ./Src/sysmem.o
LOAD ./Startup/startup_stm32f303vctx.o
START GROUP
LOAD /Applications/STM32CubeIDE.app/Contents/Eclipse/plugins/com.st.stm32cube.ide.mcu.externaltools.gnu-tools-for-stm32.14.3.rel1.macos64_1.0.100.202602081740/tools/bin/../lib/gcc/arm-none-eabi/14.3.1/../../../../arm-none-eabi/lib/thumb/v7e-m+fp/hard/libc_nano.a
LOAD /Applications/STM32CubeIDE.app/Contents/Eclipse/plugins/com.st.stm32cube.ide.mcu.externaltools.gnu-tools-for-stm32.14.3.rel1.macos64_1.0.100.202602081740/tools/bin/../lib/gcc/arm-none-eabi/14.3.1/../../../../arm-none-eabi/lib/thumb/v7e-m+fp/hard/libm.a
END GROUP
START GROUP
LOAD /Applications/STM32CubeIDE.app/Contents/Eclipse/plugins/com.st.stm32cube.ide.mcu.externaltools.gnu-tools-for-stm32.14.3.rel1.macos64_1.0.100.202602081740/tools/bin/../lib/gcc/arm-none-eabi/14.3.1/thumb/v7e-m+fp/hard/libgcc.a
LOAD /Applications/STM32CubeIDE.app/Contents/Eclipse/plugins/com.st.stm32cube.ide.mcu.externaltools.gnu-tools-for-stm32.14.3.rel1.macos64_1.0.100.202602081740/tools/bin/../lib/gcc/arm-none-eabi/14.3.1/../../../../arm-none-eabi/lib/thumb/v7e-m+fp/hard/libc_nano.a
END GROUP
START GROUP
LOAD /Applications/STM32CubeIDE.app/Contents/Eclipse/plugins/com.st.stm32cube.ide.mcu.externaltools.gnu-tools-for-stm32.14.3.rel1.macos64_1.0.100.202602081740/tools/bin/../lib/gcc/arm-none-eabi/14.3.1/thumb/v7e-m+fp/hard/libgcc.a
LOAD /Applications/STM32CubeIDE.app/Contents/Eclipse/plugins/com.st.stm32cube.ide.mcu.externaltools.gnu-tools-for-stm32.14.3.rel1.macos64_1.0.100.202602081740/tools/bin/../lib/gcc/arm-none-eabi/14.3.1/../../../../arm-none-eabi/lib/thumb/v7e-m+fp/hard/libc_nano.a
LOAD /Applications/STM32CubeIDE.app/Contents/Eclipse/plugins/com.st.stm32cube.ide.mcu.externaltools.gnu-tools-for-stm32.14.3.rel1.macos64_1.0.100.202602081740/tools/bin/../lib/gcc/arm-none-eabi/14.3.1/../../../../arm-none-eabi/lib/thumb/v7e-m+fp/hard/libnosys.a
END GROUP
START GROUP
LOAD /Applications/STM32CubeIDE.app/Contents/Eclipse/plugins/com.st.stm32cube.ide.mcu.externaltools.gnu-tools-for-stm32.14.3.rel1.macos64_1.0.100.202602081740/tools/bin/../lib/gcc/arm-none-eabi/14.3.1/thumb/v7e-m+fp/hard/libgcc.a
LOAD /Applications/STM32CubeIDE.app/Contents/Eclipse/plugins/com.st.stm32cube.ide.mcu.externaltools.gnu-tools-for-stm32.14.3.rel1.macos64_1.0.100.202602081740/tools/bin/../lib/gcc/arm-none-eabi/14.3.1/../../../../arm-none-eabi/lib/thumb/v7e-m+fp/hard/libc_nano.a
LOAD /Applications/STM32CubeIDE.app/Contents/Eclipse/plugins/com.st.stm32cube.ide.mcu.externaltools.gnu-tools-for-stm32.14.3.rel1.macos64_1.0.100.202602081740/tools/bin/../lib/gcc/arm-none-eabi/14.3.1/../../../../arm-none-eabi/lib/thumb/v7e-m+fp/hard/libnosys.a
END GROUP
LOAD /Applications/STM32CubeIDE.app/Contents/Eclipse/plugins/com.st.stm32cube.ide.mcu.externaltools.gnu-tools-for-stm32.14.3.rel1.macos64_1.0.100.202602081740/tools/bin/../lib/gcc/arm-none-eabi/14.3.1/thumb/v7e-m+fp/hard/crtend.o
LOAD /Applications/STM32CubeIDE.app/Contents/Eclipse/plugins/com.st.stm32cube.ide.mcu.externaltools.gnu-tools-for-stm32.14.3.rel1.macos64_1.0.100.202602081740/tools/bin/../lib/gcc/arm-none-eabi/14.3.1/thumb/v7e-m+fp/hard/crtn.o
                0x2000a000                        _estack = (ORIGIN (RAM) + LENGTH (RAM))
                0x00000200                        _Min_Heap_Size = 0x200
                0x00000400                        _Min_Stack_Size = 0x400

.isr_vector     0x08000000      0x194
                0x08000000                        . = ALIGN (0x4)
 *(.isr_vector)
 .isr_vector    0x08000000      0x194 ./Startup/startup_stm32f303vctx.o
                0x08000000                g_pfnVectors
                0x08000194                        . = ALIGN (0x4)

.text           0x08000198     0x1b64
                0x08000198                        . = ALIGN (0x4)
 *(.text)
 .text          0x08000198       0x40 /Applications/STM32CubeIDE.app/Contents/Eclipse/plugins/com.st.stm32cube.ide.mcu.externaltools.gnu-tools-for-stm32.14.3.rel1.macos64_1.0.100.202602081740/tools/bin/../lib/gcc/arm-none-eabi/14.3.1/thumb/v7e-m+fp/hard/crtbegin.o
 .text          0x080001d8      0x378 /Applications/STM32CubeIDE.app/Contents/Eclipse/plugins/com.st.stm32cube.ide.mcu.externaltools.gnu-tools-for-stm32.14.3.rel1.macos64_1.0.100.202602081740/tools/bin/../lib/gcc/arm-none-eabi/14.3.1/thumb/v7e-m+fp/hard/libgcc.a(_arm_addsubdf3.o)
                0x080001d8                __aeabi_drsub
                0x080001e0                __subdf3
                0x080001e0                __aeabi_dsub
                0x080001e4                __aeabi_dadd
                0x080001e4                __adddf3
                0x0800045c                __aeabi_ui2d
                0x0800045c                __floatunsidf
                0x0800047c                __floatsidf
                0x0800047c                __aeabi_i2d
                0x080004a0                __extendsfdf2
                0x080004a0                __aeabi_f2d
                0x080004e4                __aeabi_ul2d
                0x080004e4                __floatundidf
                0x080004f4                __aeabi_l2d
                0x080004f4                __floatdidf
 .text          0x08000550      0x424 /Applications/STM32CubeIDE.app/Contents/Eclipse/plugins/com.st.stm32cube.ide.mcu.externaltools.gnu-tools-for-stm32.14.3.rel1.macos64_1.0.100.202602081740/tools/bin/../lib/gcc/arm-none-eabi/14.3.1/thumb/v7e-m+fp/hard/libgcc.a(_arm_muldivdf3.o)
                0x08000550                __aeabi_dmul
                0x08000550                __muldf3
                0x080007a4                __aeabi_ddiv
                0x080007a4                __divdf3
 .text          0x08000974       0xa0 /Applications/STM32CubeIDE.app/Contents/Eclipse/plugins/com.st.stm32cube.ide.mcu.externaltools.gnu-tools-for-stm32.14.3.rel1.macos64_1.0.100.202602081740/tools/bin/../lib/gcc/arm-none-eabi/14.3.1/thumb/v7e-m+fp/hard/libgcc.a(_arm_truncdfsf2.o)
                0x08000974                __aeabi_d2f
                0x08000974                __truncdfsf2
 *(.text*)
 .text.__NVIC_EnableIRQ
                0x08000a14       0x3c ./Src/I2C.o
 .text.I2CInitialise
                0x08000a50       0x9c ./Src/I2C.o
                0x08000a50                I2CInitialise
 .text.I2CWrite
                0x08000aec       0x68 ./Src/I2C.o
                0x08000aec                I2CWrite
 .text.I2CRead  0x08000b54       0x70 ./Src/I2C.o
                0x08000b54                I2CRead
 .text.I2C1_EV_EXTI23_IRQHandler
                0x08000bc4      0x110 ./Src/I2C.o
                0x08000bc4                I2C1_EV_EXTI23_IRQHandler
 .text.I2CBusy  0x08000cd4       0x20 ./Src/I2C.o
                0x08000cd4                I2CBusy
 .text.__NVIC_EnableIRQ
                0x08000cf4       0x3c ./Src/Module4.o
 .text.__NVIC_ClearPendingIRQ
                0x08000d30       0x3c ./Src/Module4.o
 .text.initialise_board
                0x08000d6c       0xe0 ./Src/Module4.o
                0x08000d6c                initialise_board
 .text.turn_on_all_leds
                0x08000e4c       0x48 ./Src/Module4.o
                0x08000e4c                turn_on_all_leds
 .text.timer_init2
                0x08000e94       0x50 ./Src/Module4.o
                0x08000e94                timer_init2
 .text.timer_init3
                0x08000ee4       0x78 ./Src/Module4.o
                0x08000ee4                timer_init3
 .text.timer_init4
                0x08000f5c       0x78 ./Src/Module4.o
                0x08000f5c                timer_init4
 .text.delay_us
                0x08000fd4       0x30 ./Src/Module4.o
                0x08000fd4                delay_us
 .text.delay_us_tim3
                0x08001004       0x30 ./Src/Module4.o
                0x08001004                delay_us_tim3
 .text.TIM3_IRQHandler
                0x08001034       0x30 ./Src/Module4.o
                0x08001034                TIM3_IRQHandler
 .text.TIM2_IRQHandler
                0x08001064      0x110 ./Src/Module4.o
                0x08001064                TIM2_IRQHandler
 .text.TIM4_IRQHandler
                0x08001174      0x260 ./Src/Module4.o
                0x08001174                TIM4_IRQHandler
 .text.timer_start
                0x080013d4       0x1e ./Src/Module4.o
                0x080013d4                timer_start
 *fill*         0x080013f2        0x2 
 .text.drive_output_pin
                0x080013f4       0xa8 ./Src/Module4.o
                0x080013f4                drive_output_pin
 .text.magnetometerInitialisation
                0x0800149c       0x36 ./Src/Module4.o
                0x0800149c                magnetometerInitialisation
 *fill*         0x080014d2        0x6 
 .text.magnetometerReadingUpdate
                0x080014d8      0x144 ./Src/Module4.o
                0x080014d8                magnetometerReadingUpdate
 .text.read_joystick
                0x0800161c       0xac ./Src/Module4.o
                0x0800161c                read_joystick
 .text.joystick_control_servo
                0x080016c8       0x68 ./Src/Module4.o
                0x080016c8                joystick_control_servo
 .text.delay    0x08001730       0x32 ./Src/Module4.o
 *fill*         0x08001762        0x2 
 .text.pulse_enable
                0x08001764       0x30 ./Src/Module4.o
 .text.send_nibble
                0x08001794       0x34 ./Src/Module4.o
 .text.send_byte
                0x080017c8       0x4c ./Src/Module4.o
 .text.lcd_init
                0x08001814       0xac ./Src/Module4.o
                0x08001814                lcd_init
 .text.lcd_clear
                0x080018c0       0x16 ./Src/Module4.o
                0x080018c0                lcd_clear
 .text.lcd_set_cursor
                0x080018d6       0x30 ./Src/Module4.o
                0x080018d6                lcd_set_cursor
 .text.lcd_print
                0x08001906       0x2c ./Src/Module4.o
                0x08001906                lcd_print
 .text.main     0x08001932       0x10 ./Src/main.o
                0x08001932                main
 *fill*         0x08001942        0x2 
 .text.Reset_Handler
                0x08001944       0x50 ./Startup/startup_stm32f303vctx.o
                0x08001944                Reset_Handler
 .text.Default_Handler
                0x08001994        0x2 ./Startup/startup_stm32f303vctx.o
                0x08001994                TIM1_BRK_TIM15_IRQHandler
                0x08001994                TIM8_CC_IRQHandler
                0x08001994                DebugMon_Handler
                0x08001994                DMA1_CH4_IRQHandler
                0x08001994                SPI4_IRQHandler
                0x08001994                TIM1_CC_IRQHandler
                0x08001994                HardFault_Handler
                0x08001994                USB_HP_IRQHandler
                0x08001994                I2C2_EV_EXTI24_IRQHandler
                0x08001994                SysTick_Handler
                0x08001994                USB_WKUP_EXTI_IRQHandler
                0x08001994                PVD_IRQHandler
                0x08001994                UART4_EXTI34_IRQHandler
                0x08001994                TAMP_STAMP_IRQHandler
                0x08001994                PendSV_Handler
                0x08001994                NMI_Handler
                0x08001994                EXTI3_IRQHandler
                0x08001994                I2C3_ER_IRQHandler
                0x08001994                TIM6_DACUNDER_IRQHandler
                0x08001994                USB_HP_CAN_TX_IRQHandler
                0x08001994                EXTI0_IRQHandler
                0x08001994                DMA2_CH1_IRQHandler
                0x08001994                TIM1_UP_TIM16_IRQHandler
                0x08001994                UsageFault_Handler
                0x08001994                ADC1_2_IRQHandler
                0x08001994                SPI1_IRQHandler
                0x08001994                CAN_SCE_IRQHandler
                0x08001994                DMA1_CH7_IRQHandler
                0x08001994                TIM8_UP_IRQHandler
                0x08001994                COMP456_IRQHandler
                0x08001994                DMA1_CH6_IRQHandler
                0x08001994                TIM20_TRG_COM_IRQHandler
                0x08001994                ADC3_IRQHandler
                0x08001994                CAN_RX1_IRQHandler
                0x08001994                USART1_EXTI25_IRQHandler
                0x08001994                DMA2_CH5_IRQHandler
                0x08001994                DMA1_CH3_IRQHandler
                0x08001994                RCC_IRQHandler
                0x08001994                TIM20_UP_IRQHandler
                0x08001994                Default_Handler
                0x08001994                EXTI15_10_IRQHandler
                0x08001994                USART2_EXTI26_IRQHandler
                0x08001994                USART3_EXTI28_IRQHandler
                0x08001994                TIM7_IRQHandler
                0x08001994                I2C3_EV_IRQHandler
                0x08001994                EXTI9_5_IRQHandler
                0x08001994                DMA1_CH2_IRQHandler
                0x08001994                RTC_WKUP_IRQHandler
                0x08001994                SPI2_IRQHandler
                0x08001994                DMA1_CH1_IRQHandler
                0x08001994                USB_LP_CAN_RX0_IRQHandler
                0x08001994                MemManage_Handler
                0x08001994                COMP123_IRQHandler
                0x08001994                SVC_Handler
                0x08001994                USB_LP_IRQHandler
                0x08001994                EXTI4_IRQHandler
                0x08001994                TIM1_TRG_COM_TIM17_IRQHandler
                0x08001994                ADC4_IRQHandler
                0x08001994                WWDG_IRQHandler
                0x08001994                COMP7_IRQHandler
                0x08001994                EXTI1_IRQHandler
                0x08001994                RTCAlarm_IRQHandler
                0x08001994                UART5_EXTI35_IRQHandler
                0x08001994                TIM20_BRK_IRQHandler
                0x08001994                I2C2_ER_IRQHandler
                0x08001994                TIM8_BRK_IRQHandler
                0x08001994                FLASH_IRQHandler
                0x08001994                TIM20_CC_IRQHandler
                0x08001994                BusFault_Handler
                0x08001994                SPI3_IRQHandler
                0x08001994                DMA2_CH3_IRQHandler
                0x08001994                DMA2_CH2_IRQHandler
                0x08001994                I2C1_ER_IRQHandler
                0x08001994                FMC_IRQHandler
                0x08001994                DMA1_CH5_IRQHandler
                0x08001994                DMA2_CH4_IRQHandler
                0x08001994                USB_WKUP_IRQHandler
                0x08001994                EXTI2_TSC_IRQHandler
                0x08001994                TIM8_TRG_COM_IRQHandler
 *fill*         0x08001996        0x2 
 .text.__libc_init_array
                0x08001998       0x48 /Applications/STM32CubeIDE.app/Contents/Eclipse/plugins/com.st.stm32cube.ide.mcu.externaltools.gnu-tools-for-stm32.14.3.rel1.macos64_1.0.100.202602081740/tools/bin/../lib/gcc/arm-none-eabi/14.3.1/../../../../arm-none-eabi/lib/thumb/v7e-m+fp/hard/libc_nano.a(libc_a-init.o)
                0x08001998                __libc_init_array
 .text.atan2f   0x080019e0        0x4 /Applications/STM32CubeIDE.app/Contents/Eclipse/plugins/com.st.stm32cube.ide.mcu.externaltools.gnu-tools-for-stm32.14.3.rel1.macos64_1.0.100.202602081740/tools/bin/../lib/gcc/arm-none-eabi/14.3.1/../../../../arm-none-eabi/lib/thumb/v7e-m+fp/hard/libm.a(libm_a-wf_atan2.o)
                0x080019e0                atan2f
 .text.__ieee754_atan2f
                0x080019e4      0x14c /Applications/STM32CubeIDE.app/Contents/Eclipse/plugins/com.st.stm32cube.ide.mcu.externaltools.gnu-tools-for-stm32.14.3.rel1.macos64_1.0.100.202602081740/tools/bin/../lib/gcc/arm-none-eabi/14.3.1/../../../../arm-none-eabi/lib/thumb/v7e-m+fp/hard/libm.a(libm_a-ef_atan2.o)
                0x080019e4                __ieee754_atan2f
 .text.atanf    0x08001b30      0x1a4 /Applications/STM32CubeIDE.app/Contents/Eclipse/plugins/com.st.stm32cube.ide.mcu.externaltools.gnu-tools-for-stm32.14.3.rel1.macos64_1.0.100.202602081740/tools/bin/../lib/gcc/arm-none-eabi/14.3.1/../../../../arm-none-eabi/lib/thumb/v7e-m+fp/hard/libm.a(libm_a-sf_atan.o)
                0x08001b30                atanf
 .text.fabsf    0x08001cd4       0x10 /Applications/STM32CubeIDE.app/Contents/Eclipse/plugins/com.st.stm32cube.ide.mcu.externaltools.gnu-tools-for-stm32.14.3.rel1.macos64_1.0.100.202602081740/tools/bin/../lib/gcc/arm-none-eabi/14.3.1/../../../../arm-none-eabi/lib/thumb/v7e-m+fp/hard/libm.a(libm_a-sf_fabs.o)
                0x08001cd4                fabsf
 *(.glue_7)
 .glue_7        0x08001ce4        0x0 linker stubs
 *(.glue_7t)
 .glue_7t       0x08001ce4        0x0 linker stubs
 *(.eh_frame)
 .eh_frame      0x08001ce4        0x0 /Applications/STM32CubeIDE.app/Contents/Eclipse/plugins/com.st.stm32cube.ide.mcu.externaltools.gnu-tools-for-stm32.14.3.rel1.macos64_1.0.100.202602081740/tools/bin/../lib/gcc/arm-none-eabi/14.3.1/thumb/v7e-m+fp/hard/crtbegin.o
 *(.init)
 .init          0x08001ce4        0x4 /Applications/STM32CubeIDE.app/Contents/Eclipse/plugins/com.st.stm32cube.ide.mcu.externaltools.gnu-tools-for-stm32.14.3.rel1.macos64_1.0.100.202602081740/tools/bin/../lib/gcc/arm-none-eabi/14.3.1/thumb/v7e-m+fp/hard/crti.o
                0x08001ce4                _init
 .init          0x08001ce8        0x8 /Applications/STM32CubeIDE.app/Contents/Eclipse/plugins/com.st.stm32cube.ide.mcu.externaltools.gnu-tools-for-stm32.14.3.rel1.macos64_1.0.100.202602081740/tools/bin/../lib/gcc/arm-none-eabi/14.3.1/thumb/v7e-m+fp/hard/crtn.o
 *(.fini)
 .fini          0x08001cf0        0x4 /Applications/STM32CubeIDE.app/Contents/Eclipse/plugins/com.st.stm32cube.ide.mcu.externaltools.gnu-tools-for-stm32.14.3.rel1.macos64_1.0.100.202602081740/tools/bin/../lib/gcc/arm-none-eabi/14.3.1/thumb/v7e-m+fp/hard/crti.o
                0x08001cf0                _fini
 .fini          0x08001cf4        0x8 /Applications/STM32CubeIDE.app/Contents/Eclipse/plugins/com.st.stm32cube.ide.mcu.externaltools.gnu-tools-for-stm32.14.3.rel1.macos64_1.0.100.202602081740/tools/bin/../lib/gcc/arm-none-eabi/14.3.1/thumb/v7e-m+fp/hard/crtn.o
                0x08001cfc                        . = ALIGN (0x4)
                0x08001cfc                        _etext = .

.vfp11_veneer   0x08001cfc        0x0
 .vfp11_veneer  0x08001cfc        0x0 linker stubs

.v4_bx          0x08001cfc        0x0
 .v4_bx         0x08001cfc        0x0 linker stubs

.iplt           0x08001cfc        0x0
 .iplt          0x08001cfc        0x0 /Applications/STM32CubeIDE.app/Contents/Eclipse/plugins/com.st.stm32cube.ide.mcu.externaltools.gnu-tools-for-stm32.14.3.rel1.macos64_1.0.100.202602081740/tools/bin/../lib/gcc/arm-none-eabi/14.3.1/thumb/v7e-m+fp/hard/crtbegin.o

.rodata         0x08001cfc      0x1bc
                0x08001cfc                        . = ALIGN (0x4)
 *(.rodata)
 .rodata        0x08001cfc      0x183 ./Src/Module4.o
 *(.rodata*)
 *fill*         0x08001e7f        0x1 
 .rodata.CSWTCH.9
                0x08001e80        0xc /Applications/STM32CubeIDE.app/Contents/Eclipse/plugins/com.st.stm32cube.ide.mcu.externaltools.gnu-tools-for-stm32.14.3.rel1.macos64_1.0.100.202602081740/tools/bin/../lib/gcc/arm-none-eabi/14.3.1/../../../../arm-none-eabi/lib/thumb/v7e-m+fp/hard/libm.a(libm_a-ef_atan2.o)
 .rodata.CSWTCH.8
                0x08001e8c        0xc /Applications/STM32CubeIDE.app/Contents/Eclipse/plugins/com.st.stm32cube.ide.mcu.externaltools.gnu-tools-for-stm32.14.3.rel1.macos64_1.0.100.202602081740/tools/bin/../lib/gcc/arm-none-eabi/14.3.1/../../../../arm-none-eabi/lib/thumb/v7e-m+fp/hard/libm.a(libm_a-ef_atan2.o)
 .rodata.atanlo
                0x08001e98       0x10 /Applications/STM32CubeIDE.app/Contents/Eclipse/plugins/com.st.stm32cube.ide.mcu.externaltools.gnu-tools-for-stm32.14.3.rel1.macos64_1.0.100.202602081740/tools/bin/../lib/gcc/arm-none-eabi/14.3.1/../../../../arm-none-eabi/lib/thumb/v7e-m+fp/hard/libm.a(libm_a-sf_atan.o)
 .rodata.atanhi
                0x08001ea8       0x10 /Applications/STM32CubeIDE.app/Contents/Eclipse/plugins/com.st.stm32cube.ide.mcu.externaltools.gnu-tools-for-stm32.14.3.rel1.macos64_1.0.100.202602081740/tools/bin/../lib/gcc/arm-none-eabi/14.3.1/../../../../arm-none-eabi/lib/thumb/v7e-m+fp/hard/libm.a(libm_a-sf_atan.o)
                0x08001eb8                        . = ALIGN (0x4)

.ARM.extab      0x08001eb8        0x0
                0x08001eb8                        . = ALIGN (0x4)
 *(.ARM.extab* .gnu.linkonce.armextab.*)
                0x08001eb8                        . = ALIGN (0x4)

.ARM            0x08001eb8        0x0
                0x08001eb8                        . = ALIGN (0x4)
                0x08001eb8                        __exidx_start = .
 *(.ARM.exidx*)
                0x08001eb8                        __exidx_end = .
                0x08001eb8                        . = ALIGN (0x4)

.preinit_array  0x08001eb8        0x0
                0x08001eb8                        . = ALIGN (0x4)
                0x08001eb8                        PROVIDE (__preinit_array_start = .)
 *(.preinit_array*)
                0x08001eb8                        PROVIDE (__preinit_array_end = .)
                0x08001eb8                        . = ALIGN (0x4)

.init_array     0x08001eb8        0x4
                0x08001eb8                        . = ALIGN (0x4)
                0x08001eb8                        PROVIDE (__init_array_start = .)
 *(SORT_BY_NAME(.init_array.*))
 *(.init_array*)
 .init_array    0x08001eb8        0x4 /Applications/STM32CubeIDE.app/Contents/Eclipse/plugins/com.st.stm32cube.ide.mcu.externaltools.gnu-tools-for-stm32.14.3.rel1.macos64_1.0.100.202602081740/tools/bin/../lib/gcc/arm-none-eabi/14.3.1/thumb/v7e-m+fp/hard/crtbegin.o
                0x08001ebc                        PROVIDE (__init_array_end = .)
                0x08001ebc                        . = ALIGN (0x4)

.fini_array     0x08001ebc        0x4
                0x08001ebc                        . = ALIGN (0x4)
                [!provide]                        PROVIDE (__fini_array_start = .)
 *(SORT_BY_NAME(.fini_array.*))
 *(.fini_array*)
 .fini_array    0x08001ebc        0x4 /Applications/STM32CubeIDE.app/Contents/Eclipse/plugins/com.st.stm32cube.ide.mcu.externaltools.gnu-tools-for-stm32.14.3.rel1.macos64_1.0.100.202602081740/tools/bin/../lib/gcc/arm-none-eabi/14.3.1/thumb/v7e-m+fp/hard/crtbegin.o
                [!provide]                        PROVIDE (__fini_array_end = .)
                0x08001ec0                        . = ALIGN (0x4)
                0x08001ec0                        _sidata = LOADADDR (.data)

.rel.dyn        0x08001ec0        0x0
 .rel.iplt      0x08001ec0        0x0 /Applications/STM32CubeIDE.app/Contents/Eclipse/plugins/com.st.stm32cube.ide.mcu.externaltools.gnu-tools-for-stm32.14.3.rel1.macos64_1.0.100.202602081740/tools/bin/../lib/gcc/arm-none-eabi/14.3.1/thumb/v7e-m+fp/hard/crtbegin.o

.data           0x20000000       0x4c load address 0x08001ec0
                0x20000000                        . = ALIGN (0x4)
                0x20000000                        _sdata = .
 *(.data)
 *(.data*)
 .data.servo1_pulse_width
                0x20000000        0x4 ./Src/Module4.o
 .data.servo2_pulse_width
                0x20000004        0x4 ./Src/Module4.o
 .data.last_direction
                0x20000008        0x4 ./Src/Module4.o
 .data.cook_pages
                0x2000000c       0x10 ./Src/Module4.o
                0x2000000c                cook_pages
 .data.gov_pages
                0x2000001c       0x10 ./Src/Module4.o
                0x2000001c                gov_pages
 .data.butler_pages
                0x2000002c       0x10 ./Src/Module4.o
                0x2000002c                butler_pages
 .data.maid_pages
                0x2000003c       0x10 ./Src/Module4.o
                0x2000003c                maid_pages
 *(.RamFunc)
 *(.RamFunc*)
                0x2000004c                        . = ALIGN (0x4)
                0x2000004c                        _edata = .
                0x08001f0c                        _siccmram = LOADADDR (.ccmram)

.igot.plt       0x2000004c        0x0 load address 0x08001f0c
 .igot.plt      0x2000004c        0x0 /Applications/STM32CubeIDE.app/Contents/Eclipse/plugins/com.st.stm32cube.ide.mcu.externaltools.gnu-tools-for-stm32.14.3.rel1.macos64_1.0.100.202602081740/tools/bin/../lib/gcc/arm-none-eabi/14.3.1/thumb/v7e-m+fp/hard/crtbegin.o

.ccmram         0x10000000        0x0 load address 0x08001f0c
                0x10000000                        . = ALIGN (0x4)
                0x10000000                        _sccmram = .
 *(.ccmram)
 *(.ccmram*)
                0x10000000                        . = ALIGN (0x4)
                0x10000000                        _eccmram = .
                0x10000000                        . = ALIGN (0x4)

.bss            0x2000004c       0x38
                0x2000004c                        _sbss = .
                0x2000004c                        __bss_start__ = _sbss
 *(.bss)
 .bss           0x2000004c       0x1c /Applications/STM32CubeIDE.app/Contents/Eclipse/plugins/com.st.stm32cube.ide.mcu.externaltools.gnu-tools-for-stm32.14.3.rel1.macos64_1.0.100.202602081740/tools/bin/../lib/gcc/arm-none-eabi/14.3.1/thumb/v7e-m+fp/hard/crtbegin.o
 *(.bss*)
 .bss.interruptSlaveAddress
                0x20000068        0x1 ./Src/I2C.o
 .bss.interruptSlaveRegister
                0x20000069        0x1 ./Src/I2C.o
 .bss.interruptTxData
                0x2000006a        0x1 ./Src/I2C.o
 *fill*         0x2000006b        0x1 
 .bss.interruptRxBuffer
                0x2000006c        0x4 ./Src/I2C.o
 .bss.interruptRxBytes
                0x20000070        0x2 ./Src/I2C.o
 .bss.I2CState  0x20000072        0x1 ./Src/I2C.o
 .bss.spring_release_active
                0x20000073        0x1 ./Src/Module4.o
 .bss.page_index
                0x20000074        0x4 ./Src/Module4.o
 .bss.stable_counter
                0x20000078        0x4 ./Src/Module4.o
 .bss.buffer.0  0x2000007c        0x6 ./Src/Module4.o
 *(COMMON)
                0x20000084                        . = ALIGN (0x4)
 *fill*         0x20000082        0x2 
                0x20000084                        _ebss = .
                0x20000084                        __bss_end__ = _ebss

._user_heap_stack
                0x20000084      0x604
                0x20000088                        . = ALIGN (0x8)
 *fill*         0x20000084        0x4 
                [!provide]                        PROVIDE (end = .)
                0x20000088                        PROVIDE (_end = .)
                0x20000288                        . = (. + _Min_Heap_Size)
 *fill*         0x20000088      0x200 
                0x20000688                        . = (. + _Min_Stack_Size)
 *fill*         0x20000288      0x400 
                0x20000688                        . = ALIGN (0x8)

/DISCARD/
 libc.a(*)
 libm.a(*)
 libgcc.a(*)

.ARM.attributes
                0x00000000       0x30
 *(.ARM.attributes)
 .ARM.attributes
                0x00000000       0x22 /Applications/STM32CubeIDE.app/Contents/Eclipse/plugins/com.st.stm32cube.ide.mcu.externaltools.gnu-tools-for-stm32.14.3.rel1.macos64_1.0.100.202602081740/tools/bin/../lib/gcc/arm-none-eabi/14.3.1/thumb/v7e-m+fp/hard/crti.o
 .ARM.attributes
                0x00000022       0x34 /Applications/STM32CubeIDE.app/Contents/Eclipse/plugins/com.st.stm32cube.ide.mcu.externaltools.gnu-tools-for-stm32.14.3.rel1.macos64_1.0.100.202602081740/tools/bin/../lib/gcc/arm-none-eabi/14.3.1/thumb/v7e-m+fp/hard/crtbegin.o
 .ARM.attributes
                0x00000056       0x34 ./Src/I2C.o
 .ARM.attributes
                0x0000008a       0x34 ./Src/Module4.o
 .ARM.attributes
                0x000000be       0x34 ./Src/main.o
 .ARM.attributes
                0x000000f2       0x21 ./Startup/startup_stm32f303vctx.o
 .ARM.attributes
                0x00000113       0x34 /Applications/STM32CubeIDE.app/Contents/Eclipse/plugins/com.st.stm32cube.ide.mcu.externaltools.gnu-tools-for-stm32.14.3.rel1.macos64_1.0.100.202602081740/tools/bin/../lib/gcc/arm-none-eabi/14.3.1/../../../../arm-none-eabi/lib/thumb/v7e-m+fp/hard/libc_nano.a(libc_a-init.o)
 .ARM.attributes
                0x00000147       0x34 /Applications/STM32CubeIDE.app/Contents/Eclipse/plugins/com.st.stm32cube.ide.mcu.externaltools.gnu-tools-for-stm32.14.3.rel1.macos64_1.0.100.202602081740/tools/bin/../lib/gcc/arm-none-eabi/14.3.1/../../../../arm-none-eabi/lib/thumb/v7e-m+fp/hard/libm.a(libm_a-wf_atan2.o)
 .ARM.attributes
                0x0000017b       0x34 /Applications/STM32CubeIDE.app/Contents/Eclipse/plugins/com.st.stm32cube.ide.mcu.externaltools.gnu-tools-for-stm32.14.3.rel1.macos64_1.0.100.202602081740/tools/bin/../lib/gcc/arm-none-eabi/14.3.1/../../../../arm-none-eabi/lib/thumb/v7e-m+fp/hard/libm.a(libm_a-ef_atan2.o)
 .ARM.attributes
                0x000001af       0x34 /Applications/STM32CubeIDE.app/Contents/Eclipse/plugins/com.st.stm32cube.ide.mcu.externaltools.gnu-tools-for-stm32.14.3.rel1.macos64_1.0.100.202602081740/tools/bin/../lib/gcc/arm-none-eabi/14.3.1/../../../../arm-none-eabi/lib/thumb/v7e-m+fp/hard/libm.a(libm_a-sf_atan.o)
 .ARM.attributes
                0x000001e3       0x34 /Applications/STM32CubeIDE.app/Contents/Eclipse/plugins/com.st.stm32cube.ide.mcu.externaltools.gnu-tools-for-stm32.14.3.rel1.macos64_1.0.100.202602081740/tools/bin/../lib/gcc/arm-none-eabi/14.3.1/../../../../arm-none-eabi/lib/thumb/v7e-m+fp/hard/libm.a(libm_a-sf_fabs.o)
 .ARM.attributes
                0x00000217       0x22 /Applications/STM32CubeIDE.app/Contents/Eclipse/plugins/com.st.stm32cube.ide.mcu.externaltools.gnu-tools-for-stm32.14.3.rel1.macos64_1.0.100.202602081740/tools/bin/../lib/gcc/arm-none-eabi/14.3.1/thumb/v7e-m+fp/hard/libgcc.a(_arm_addsubdf3.o)
 .ARM.attributes
                0x00000239       0x22 /Applications/STM32CubeIDE.app/Contents/Eclipse/plugins/com.st.stm32cube.ide.mcu.externaltools.gnu-tools-for-stm32.14.3.rel1.macos64_1.0.100.202602081740/tools/bin/../lib/gcc/arm-none-eabi/14.3.1/thumb/v7e-m+fp/hard/libgcc.a(_arm_muldivdf3.o)
 .ARM.attributes
                0x0000025b       0x22 /Applications/STM32CubeIDE.app/Contents/Eclipse/plugins/com.st.stm32cube.ide.mcu.externaltools.gnu-tools-for-stm32.14.3.rel1.macos64_1.0.100.202602081740/tools/bin/../lib/gcc/arm-none-eabi/14.3.1/thumb/v7e-m+fp/hard/libgcc.a(_arm_truncdfsf2.o)
 .ARM.attributes
                0x0000027d       0x22 /Applications/STM32CubeIDE.app/Contents/Eclipse/plugins/com.st.stm32cube.ide.mcu.externaltools.gnu-tools-for-stm32.14.3.rel1.macos64_1.0.100.202602081740/tools/bin/../lib/gcc/arm-none-eabi/14.3.1/thumb/v7e-m+fp/hard/crtn.o
OUTPUT(Exercise 4.elf elf32-littlearm)
LOAD linker stubs
LOAD /Applications/STM32CubeIDE.app/Contents/Eclipse/plugins/com.st.stm32cube.ide.mcu.externaltools.gnu-tools-for-stm32.14.3.rel1.macos64_1.0.100.202602081740/tools/bin/../lib/gcc/arm-none-eabi/14.3.1/../../../../arm-none-eabi/lib/thumb/v7e-m+fp/hard/libc.a
LOAD /Applications/STM32CubeIDE.app/Contents/Eclipse/plugins/com.st.stm32cube.ide.mcu.externaltools.gnu-tools-for-stm32.14.3.rel1.macos64_1.0.100.202602081740/tools/bin/../lib/gcc/arm-none-eabi/14.3.1/../../../../arm-none-eabi/lib/thumb/v7e-m+fp/hard/libm.a
LOAD /Applications/STM32CubeIDE.app/Contents/Eclipse/plugins/com.st.stm32cube.ide.mcu.externaltools.gnu-tools-for-stm32.14.3.rel1.macos64_1.0.100.202602081740/tools/bin/../lib/gcc/arm-none-eabi/14.3.1/thumb/v7e-m+fp/hard/libgcc.a

.debug_info     0x00000000     0x1759
 .debug_info    0x00000000      0x75d ./Src/I2C.o
 .debug_info    0x0000075d      0xf30 ./Src/Module4.o
 .debug_info    0x0000168d       0x9c ./Src/main.o
 .debug_info    0x00001729       0x30 ./Startup/startup_stm32f303vctx.o

.debug_abbrev   0x00000000      0x57c
 .debug_abbrev  0x00000000      0x19f ./Src/I2C.o
 .debug_abbrev  0x0000019f      0x35e ./Src/Module4.o
 .debug_abbrev  0x000004fd       0x5b ./Src/main.o
 .debug_abbrev  0x00000558       0x24 ./Startup/startup_stm32f303vctx.o

.debug_aranges  0x00000000      0x190
 .debug_aranges
                0x00000000       0x48 ./Src/I2C.o
 .debug_aranges
                0x00000048      0x100 ./Src/Module4.o
 .debug_aranges
                0x00000148       0x20 ./Src/main.o
 .debug_aranges
                0x00000168       0x28 ./Startup/startup_stm32f303vctx.o

.debug_rnglists
                0x00000000      0x12e
 .debug_rnglists
                0x00000000       0x33 ./Src/I2C.o
 .debug_rnglists
                0x00000033       0xcf ./Src/Module4.o
 .debug_rnglists
                0x00000102       0x13 ./Src/main.o
 .debug_rnglists
                0x00000115       0x19 ./Startup/startup_stm32f303vctx.o

.debug_macro    0x00000000    0x15b5b
 .debug_macro   0x00000000      0x114 ./Src/I2C.o
 .debug_macro   0x00000114      0xaea ./Src/I2C.o
 .debug_macro   0x00000bfe       0x28 ./Src/I2C.o
 .debug_macro   0x00000c26       0x28 ./Src/I2C.o
 .debug_macro   0x00000c4e       0x22 ./Src/I2C.o
 .debug_macro   0x00000c70       0x8e ./Src/I2C.o
 .debug_macro   0x00000cfe       0x51 ./Src/I2C.o
 .debug_macro   0x00000d4f      0x103 ./Src/I2C.o
 .debug_macro   0x00000e52       0x6a ./Src/I2C.o
 .debug_macro   0x00000ebc      0x1df ./Src/I2C.o
 .debug_macro   0x0000109b       0x1c ./Src/I2C.o
 .debug_macro   0x000010b7       0x22 ./Src/I2C.o
 .debug_macro   0x000010d9       0xd9 ./Src/I2C.o
 .debug_macro   0x000011b2     0x102d ./Src/I2C.o
 .debug_macro   0x000021df      0x11f ./Src/I2C.o
 .debug_macro   0x000022fe    0x12a3a ./Src/I2C.o
 .debug_macro   0x00014d38       0x6d ./Src/I2C.o
 .debug_macro   0x00014da5      0x1bc ./Src/Module4.o
 .debug_macro   0x00014f61       0x2e ./Src/Module4.o
 .debug_macro   0x00014f8f       0x22 ./Src/Module4.o
 .debug_macro   0x00014fb1       0x61 ./Src/Module4.o
 .debug_macro   0x00015012       0x2a ./Src/Module4.o
 .debug_macro   0x0001503c       0x43 ./Src/Module4.o
 .debug_macro   0x0001507f       0x34 ./Src/Module4.o
 .debug_macro   0x000150b3      0x190 ./Src/Module4.o
 .debug_macro   0x00015243      0x364 ./Src/Module4.o
 .debug_macro   0x000155a7       0x16 ./Src/Module4.o
 .debug_macro   0x000155bd       0x4a ./Src/Module4.o
 .debug_macro   0x00015607       0x34 ./Src/Module4.o
 .debug_macro   0x0001563b       0x10 ./Src/Module4.o
 .debug_macro   0x0001564b       0x58 ./Src/Module4.o
 .debug_macro   0x000156a3       0x8e ./Src/Module4.o
 .debug_macro   0x00015731       0x1c ./Src/Module4.o
 .debug_macro   0x0001574d      0x17e ./Src/Module4.o
 .debug_macro   0x000158cb      0x19b ./Src/Module4.o
 .debug_macro   0x00015a66       0xf5 ./Src/main.o

.debug_line     0x00000000     0x19e6
 .debug_line    0x00000000      0x69a ./Src/I2C.o
 .debug_line    0x0000069a      0xdd2 ./Src/Module4.o
 .debug_line    0x0000146c      0x4ff ./Src/main.o
 .debug_line    0x0000196b       0x7b ./Startup/startup_stm32f303vctx.o

.debug_str      0x00000000    0x7705d
 .debug_str     0x00000000    0x7705d ./Src/I2C.o
                              0x73117 (size before relaxing)
 .debug_str     0x0007705d    0x771bc ./Src/Module4.o
 .debug_str     0x0007705d    0x72aeb ./Src/main.o
 .debug_str     0x0007705d       0x77 ./Startup/startup_stm32f303vctx.o

.comment        0x00000000       0x43
 .comment       0x00000000       0x43 ./Src/I2C.o
                                 0x44 (size before relaxing)
 .comment       0x00000043       0x44 ./Src/Module4.o
 .comment       0x00000043       0x44 ./Src/main.o

.debug_frame    0x00000000      0x6c0
 .debug_frame   0x00000000       0xd8 ./Src/I2C.o
 .debug_frame   0x000000d8      0x3c0 ./Src/Module4.o
 .debug_frame   0x00000498       0x2c ./Src/main.o
 .debug_frame   0x000004c4       0x2c /Applications/STM32CubeIDE.app/Contents/Eclipse/plugins/com.st.stm32cube.ide.mcu.externaltools.gnu-tools-for-stm32.14.3.rel1.macos64_1.0.100.202602081740/tools/bin/../lib/gcc/arm-none-eabi/14.3.1/../../../../arm-none-eabi/lib/thumb/v7e-m+fp/hard/libc_nano.a(libc_a-init.o)
 .debug_frame   0x000004f0       0x20 /Applications/STM32CubeIDE.app/Contents/Eclipse/plugins/com.st.stm32cube.ide.mcu.externaltools.gnu-tools-for-stm32.14.3.rel1.macos64_1.0.100.202602081740/tools/bin/../lib/gcc/arm-none-eabi/14.3.1/../../../../arm-none-eabi/lib/thumb/v7e-m+fp/hard/libm.a(libm_a-wf_atan2.o)
 .debug_frame   0x00000510       0x44 /Applications/STM32CubeIDE.app/Contents/Eclipse/plugins/com.st.stm32cube.ide.mcu.externaltools.gnu-tools-for-stm32.14.3.rel1.macos64_1.0.100.202602081740/tools/bin/../lib/gcc/arm-none-eabi/14.3.1/../../../../arm-none-eabi/lib/thumb/v7e-m+fp/hard/libm.a(libm_a-ef_atan2.o)
 .debug_frame   0x00000554       0x2c /Applications/STM32CubeIDE.app/Contents/Eclipse/plugins/com.st.stm32cube.ide.mcu.externaltools.gnu-tools-for-stm32.14.3.rel1.macos64_1.0.100.202602081740/tools/bin/../lib/gcc/arm-none-eabi/14.3.1/../../../../arm-none-eabi/lib/thumb/v7e-m+fp/hard/libm.a(libm_a-sf_atan.o)
 .debug_frame   0x00000580       0x20 /Applications/STM32CubeIDE.app/Contents/Eclipse/plugins/com.st.stm32cube.ide.mcu.externaltools.gnu-tools-for-stm32.14.3.rel1.macos64_1.0.100.202602081740/tools/bin/../lib/gcc/arm-none-eabi/14.3.1/../../../../arm-none-eabi/lib/thumb/v7e-m+fp/hard/libm.a(libm_a-sf_fabs.o)
 .debug_frame   0x000005a0       0xac /Applications/STM32CubeIDE.app/Contents/Eclipse/plugins/com.st.stm32cube.ide.mcu.externaltools.gnu-tools-for-stm32.14.3.rel1.macos64_1.0.100.202602081740/tools/bin/../lib/gcc/arm-none-eabi/14.3.1/thumb/v7e-m+fp/hard/libgcc.a(_arm_addsubdf3.o)
 .debug_frame   0x0000064c       0x50 /Applications/STM32CubeIDE.app/Contents/Eclipse/plugins/com.st.stm32cube.ide.mcu.externaltools.gnu-tools-for-stm32.14.3.rel1.macos64_1.0.100.202602081740/tools/bin/../lib/gcc/arm-none-eabi/14.3.1/thumb/v7e-m+fp/hard/libgcc.a(_arm_muldivdf3.o)
 .debug_frame   0x0000069c       0x24 /Applications/STM32CubeIDE.app/Contents/Eclipse/plugins/com.st.stm32cube.ide.mcu.externaltools.gnu-tools-for-stm32.14.3.rel1.macos64_1.0.100.202602081740/tools/bin/../lib/gcc/arm-none-eabi/14.3.1/thumb/v7e-m+fp/hard/libgcc.a(_arm_truncdfsf2.o)

.debug_line_str
                0x00000000       0x5b
 .debug_line_str
                0x00000000       0x5b ./Startup/startup_stm32f303vctx.o
