/Users/declanelliott/Documents/A2_Exercise_4 copy/Drivers/CMSIS/Include/core_cm4.h:1688:22:__NVIC_EnableIRQ	16	static
/Users/declanelliott/Documents/A2_Exercise_4 copy/Drivers/CMSIS/Include/core_cm4.h:1777:22:__NVIC_ClearPendingIRQ	16	static
../Src/Module4.c:52:6:initialise_board	8	static
../Src/Module4.c:91:6:turn_on_all_leds	4	static
../Src/Module4.c:104:6:timer_init2	16	static,ignoring_inline_asm
../Src/Module4.c:127:6:timer_init3	8	static,ignoring_inline_asm
../Src/Module4.c:151:6:timer_init4	8	static,ignoring_inline_asm
../Src/Module4.c:177:6:delay_us	24	static
../Src/Module4.c:183:6:delay_us_tim3	24	static
../Src/Module4.c:190:6:TIM3_IRQHandler	8	static
../Src/Module4.c:203:6:TIM2_IRQHandler	32	static
../Src/Module4.c:252:6:TIM4_IRQHandler	32	static
../Src/Module4.c:332:6:timer_start	4	static
../Src/Module4.c:336:6:timer_start_3	4	static
../Src/Module4.c:340:6:timer_stop	4	static
../Src/Module4.c:343:6:timer_stop_3	4	static
../Src/Module4.c:347:6:drive_output_pin	8	static
../Src/Module4.c:373:6:magnetometerInitialisation	8	static
../Src/Module4.c:387:6:magnetometerReadingUpdate	32	static
../Src/Module4.c:434:12:read_joystick	24	static
../Src/Module4.c:456:6:joystick_control_servo	16	static
../Src/Module4.c:470:13:delay	24	static
../Src/Module4.c:480:13:pulse_enable	8	static
../Src/Module4.c:496:13:send_nibble	16	static
../Src/Module4.c:510:13:send_byte	16	static
../Src/Module4.c:532:6:lcd_init	16	static
../Src/Module4.c:584:6:lcd_clear	8	static
../Src/Module4.c:596:6:lcd_set_cursor	24	static
../Src/Module4.c:610:6:lcd_print	16	static
