/Users/declanelliott/Downloads/FinalAssignment/A2_Exercise_4 copy/Drivers/CMSIS/Include/core_cm4.h:1688:22:__NVIC_EnableIRQ	16	static
/Users/declanelliott/Downloads/FinalAssignment/A2_Exercise_4 copy/Drivers/CMSIS/Include/core_cm4.h:1777:22:__NVIC_ClearPendingIRQ	16	static
../Src/Module4.c:55:6:initialise_board	8	static,ignoring_inline_asm
../Src/Module4.c:92:6:turn_on_all_leds	4	static
../Src/Module4.c:107:6:timer_init2	16	static,ignoring_inline_asm
../Src/Module4.c:131:6:timer_init3	8	static,ignoring_inline_asm
../Src/Module4.c:155:6:timer_init4	8	static,ignoring_inline_asm
../Src/Module4.c:181:6:delay_us	24	static
../Src/Module4.c:187:6:delay_us_tim3	24	static
../Src/Module4.c:194:6:TIM3_IRQHandler	8	static
../Src/Module4.c:209:6:TIM2_IRQHandler	32	static
../Src/Module4.c:252:6:TIM4_IRQHandler	8	static
../Src/Module4.c:339:6:timer_start	4	static
../Src/Module4.c:343:6:timer_start_3	4	static
../Src/Module4.c:347:6:timer_stop	4	static
../Src/Module4.c:350:6:timer_stop_3	4	static
../Src/Module4.c:354:6:drive_output_pin	8	static
../Src/Module4.c:384:6:joystick_control_servo	32	static
../Src/Module4.c:433:13:delay	24	static
../Src/Module4.c:443:13:pulse_enable	8	static
../Src/Module4.c:459:13:send_nibble	16	static
../Src/Module4.c:473:13:send_byte	16	static
../Src/Module4.c:495:6:lcd_init	16	static
../Src/Module4.c:547:6:lcd_clear	8	static
../Src/Module4.c:559:6:lcd_set_cursor	24	static
../Src/Module4.c:573:6:lcd_print	16	static
