/Users/declanelliott/Downloads/FinalAssignment/A2_Exercise_4 copy/Drivers/CMSIS/Include/core_cm4.h:1688:22:__NVIC_EnableIRQ	16	static
/Users/declanelliott/Downloads/FinalAssignment/A2_Exercise_4 copy/Drivers/CMSIS/Include/core_cm4.h:1777:22:__NVIC_ClearPendingIRQ	16	static
../Src/Module4.c:52:6:initialise_board	8	static,ignoring_inline_asm
../Src/Module4.c:88:6:turn_on_all_leds	4	static
../Src/Module4.c:103:6:timer_init2	16	static,ignoring_inline_asm
../Src/Module4.c:127:6:timer_init3	8	static,ignoring_inline_asm
../Src/Module4.c:151:6:timer_init4	8	static,ignoring_inline_asm
../Src/Module4.c:177:6:delay_us	24	static
../Src/Module4.c:183:6:delay_us_tim3	24	static
../Src/Module4.c:190:6:TIM3_IRQHandler	8	static
../Src/Module4.c:205:6:TIM2_IRQHandler	32	static
../Src/Module4.c:253:6:TIM4_IRQHandler	32	static
../Src/Module4.c:333:6:timer_start	4	static
../Src/Module4.c:337:6:timer_start_3	4	static
../Src/Module4.c:341:6:timer_stop	4	static
../Src/Module4.c:344:6:timer_stop_3	4	static
../Src/Module4.c:348:6:drive_output_pin	8	static
../Src/Module4.c:377:6:magnetometerInitialisation	8	static
../Src/Module4.c:387:6:magnetometerReadingUpdate	32	static
../Src/Module4.c:432:6:joystick_control_servo	40	static
../Src/Module4.c:459:13:delay	24	static
../Src/Module4.c:469:13:pulse_enable	8	static
../Src/Module4.c:485:13:send_nibble	16	static
../Src/Module4.c:499:13:send_byte	16	static
../Src/Module4.c:521:6:lcd_init	16	static
../Src/Module4.c:573:6:lcd_clear	8	static
../Src/Module4.c:585:6:lcd_set_cursor	24	static
../Src/Module4.c:599:6:lcd_print	16	static
